Archive member included to satisfy reference by file (symbol)

/root/.pico-sdk/toolchain/13_2_Rel1/bin/../lib/gcc/arm-none-eabi/13.2.1/thumb/v6-m/nofp/libgcc.a(_dvmd_tls.o)
                              CMakeFiles/Oscilloscope-adc.dir/root/.pico-sdk/sdk/2.0.0/src/rp2_common/pico_divider/divider_hardware.S.obj (__aeabi_idiv0)
/root/.pico-sdk/toolchain/13_2_Rel1/bin/../lib/gcc/arm-none-eabi/13.2.1/../../../../arm-none-eabi/lib/thumb/v6-m/nofp/libg.a(libc_a-lcltime_r.o)
                              CMakeFiles/Oscilloscope-adc.dir/root/.pico-sdk/sdk/2.0.0/src/common/pico_util/datetime.c.obj (localtime_r)
/root/.pico-sdk/toolchain/13_2_Rel1/bin/../lib/gcc/arm-none-eabi/13.2.1/../../../../arm-none-eabi/lib/thumb/v6-m/nofp/libg.a(libc_a-mktime.o)
                              CMakeFiles/Oscilloscope-adc.dir/root/.pico-sdk/sdk/2.0.0/src/common/pico_util/datetime.c.obj (mktime)
/root/.pico-sdk/toolchain/13_2_Rel1/bin/../lib/gcc/arm-none-eabi/13.2.1/../../../../arm-none-eabi/lib/thumb/v6-m/nofp/libg.a(libc_a-month_lengths.o)
                              /root/.pico-sdk/toolchain/13_2_Rel1/bin/../lib/gcc/arm-none-eabi/13.2.1/../../../../arm-none-eabi/lib/thumb/v6-m/nofp/libg.a(libc_a-lcltime_r.o) (__month_lengths)
/root/.pico-sdk/toolchain/13_2_Rel1/bin/../lib/gcc/arm-none-eabi/13.2.1/../../../../arm-none-eabi/lib/thumb/v6-m/nofp/libg.a(libc_a-tzcalc_limits.o)
                              /root/.pico-sdk/toolchain/13_2_Rel1/bin/../lib/gcc/arm-none-eabi/13.2.1/../../../../arm-none-eabi/lib/thumb/v6-m/nofp/libg.a(libc_a-lcltime_r.o) (__tzcalc_limits)
/root/.pico-sdk/toolchain/13_2_Rel1/bin/../lib/gcc/arm-none-eabi/13.2.1/../../../../arm-none-eabi/lib/thumb/v6-m/nofp/libg.a(libc_a-tzlock.o)
                              /root/.pico-sdk/toolchain/13_2_Rel1/bin/../lib/gcc/arm-none-eabi/13.2.1/../../../../arm-none-eabi/lib/thumb/v6-m/nofp/libg.a(libc_a-lcltime_r.o) (__tz_lock)
/root/.pico-sdk/toolchain/13_2_Rel1/bin/../lib/gcc/arm-none-eabi/13.2.1/../../../../arm-none-eabi/lib/thumb/v6-m/nofp/libg.a(libc_a-malloc.o)
                              CMakeFiles/Oscilloscope-adc.dir/root/.pico-sdk/sdk/2.0.0/src/rp2_common/pico_malloc/malloc.c.obj (malloc)
/root/.pico-sdk/toolchain/13_2_Rel1/bin/../lib/gcc/arm-none-eabi/13.2.1/../../../../arm-none-eabi/lib/thumb/v6-m/nofp/libg.a(libc_a-mallocr.o)
                              /root/.pico-sdk/toolchain/13_2_Rel1/bin/../lib/gcc/arm-none-eabi/13.2.1/../../../../arm-none-eabi/lib/thumb/v6-m/nofp/libg.a(libc_a-malloc.o) (_malloc_r)
/root/.pico-sdk/toolchain/13_2_Rel1/bin/../lib/gcc/arm-none-eabi/13.2.1/../../../../arm-none-eabi/lib/thumb/v6-m/nofp/libg.a(libc_a-memcmp.o)
                              CMakeFiles/Oscilloscope-adc.dir/root/.pico-sdk/sdk/2.0.0/src/rp2_common/pico_atomic/atomic.c.obj (memcmp)
/root/.pico-sdk/toolchain/13_2_Rel1/bin/../lib/gcc/arm-none-eabi/13.2.1/../../../../arm-none-eabi/lib/thumb/v6-m/nofp/libg.a(libc_a-tzset.o)
                              /root/.pico-sdk/toolchain/13_2_Rel1/bin/../lib/gcc/arm-none-eabi/13.2.1/../../../../arm-none-eabi/lib/thumb/v6-m/nofp/libg.a(libc_a-lcltime_r.o) (_tzset_unlocked)
/root/.pico-sdk/toolchain/13_2_Rel1/bin/../lib/gcc/arm-none-eabi/13.2.1/../../../../arm-none-eabi/lib/thumb/v6-m/nofp/libg.a(libc_a-tzset_r.o)
                              /root/.pico-sdk/toolchain/13_2_Rel1/bin/../lib/gcc/arm-none-eabi/13.2.1/../../../../arm-none-eabi/lib/thumb/v6-m/nofp/libg.a(libc_a-tzset.o) (_tzset_unlocked_r)
/root/.pico-sdk/toolchain/13_2_Rel1/bin/../lib/gcc/arm-none-eabi/13.2.1/../../../../arm-none-eabi/lib/thumb/v6-m/nofp/libg.a(libc_a-init.o)
                              /root/.pico-sdk/toolchain/13_2_Rel1/bin/../lib/gcc/arm-none-eabi/13.2.1/../../../../arm-none-eabi/lib/thumb/v6-m/nofp/crt0.o (__libc_init_array)
/root/.pico-sdk/toolchain/13_2_Rel1/bin/../lib/gcc/arm-none-eabi/13.2.1/../../../../arm-none-eabi/lib/thumb/v6-m/nofp/libg.a(libc_a-tzvars.o)
                              /root/.pico-sdk/toolchain/13_2_Rel1/bin/../lib/gcc/arm-none-eabi/13.2.1/../../../../arm-none-eabi/lib/thumb/v6-m/nofp/libg.a(libc_a-tzset_r.o) (_timezone)
/root/.pico-sdk/toolchain/13_2_Rel1/bin/../lib/gcc/arm-none-eabi/13.2.1/../../../../arm-none-eabi/lib/thumb/v6-m/nofp/libg.a(libc_a-lock.o)
                              /root/.pico-sdk/toolchain/13_2_Rel1/bin/../lib/gcc/arm-none-eabi/13.2.1/../../../../arm-none-eabi/lib/thumb/v6-m/nofp/libg.a(libc_a-tzlock.o) (__retarget_lock_acquire)
/root/.pico-sdk/toolchain/13_2_Rel1/bin/../lib/gcc/arm-none-eabi/13.2.1/../../../../arm-none-eabi/lib/thumb/v6-m/nofp/libg.a(libc_a-sysconf.o)
                              /root/.pico-sdk/toolchain/13_2_Rel1/bin/../lib/gcc/arm-none-eabi/13.2.1/../../../../arm-none-eabi/lib/thumb/v6-m/nofp/libg.a(libc_a-mallocr.o) (sysconf)
/root/.pico-sdk/toolchain/13_2_Rel1/bin/../lib/gcc/arm-none-eabi/13.2.1/../../../../arm-none-eabi/lib/thumb/v6-m/nofp/libg.a(libc_a-strcmp.o)
[...]
Memory Configuration

Name             Origin             Length             Attributes
FLASH            0x10000000         0x00200000         xr
RAM              0x20000000         0x00040000         xrw
SCRATCH_X        0x20040000         0x00001000         xrw
SCRATCH_Y        0x20041000         0x00001000         xrw
*default*        0x00000000         0xffffffff

Linker script and memory map

LOAD /root/.pico-sdk/toolchain/13_2_Rel1/bin/../lib/gcc/arm-none-eabi/13.2.1/thumb/v6-m/nofp/crti.o
LOAD /root/.pico-sdk/toolchain/13_2_Rel1/bin/../lib/gcc/arm-none-eabi/13.2.1/thumb/v6-m/nofp/crtbegin.o
LOAD /root/.pico-sdk/toolchain/13_2_Rel1/bin/../lib/gcc/arm-none-eabi/13.2.1/../../../../arm-none-eabi/lib/thumb/v6-m/nofp/crt0.o

.flash_begin    0x10000000        0x0
                0x10000000                        __flash_binary_start = .

.boot2          0x10000000      0x100
                0x10000000                        __boot2_start__ = .
 *(.boot2)
 .boot2         0x10000000      0x100 /tmp/ccCOMetf.o
                0x10000100                        __boot2_end__ = .
                0x00000001                        ASSERT (((__boot2_end__ - __boot2_start__) == 0x100), ERROR: Pico second stage bootloader must be 256 bytes in size)

.text           0x10000100     0x6784
                0x10000100                        __logical_binary_start = .
 *(.vectors)
 .vectors       0x10000100       0xd4 CMakeFiles/Oscilloscope-adc.dir/root/.pico-sdk/sdk/2.0.0/src/rp2_common/pico_crt0/crt0.S.obj
                0x10000100                __vectors
                0x10000100                __VECTOR_TABLE
                0x100001c0                isr_invalid
                0x100001c0                __default_isrs_start
                0x100001c2                isr_nmi
                0x100001c4                isr_hardfault
                0x100001c6                isr_svcall
                0x100001c8                isr_pendsv
                0x100001ca                isr_systick
                0x100001cc                isr_irq30
                0x100001cc                __unhandled_user_irq
                0x100001cc                isr_irq13
                0x100001cc                isr_irq27
                0x100001cc                isr_irq31
                0x100001cc                isr_irq5
                0x100001cc                isr_irq11
                0x100001cc                isr_irq23
                0x100001cc                isr_irq18
                0x100001cc                isr_irq28
                0x100001cc                isr_irq19
                0x100001cc                isr_irq0
                0x100001cc                isr_irq6
                0x100001cc                isr_irq22
                0x100001cc                isr_irq17
                0x100001cc                isr_irq14
                0x100001cc                isr_irq2
                0x100001cc                isr_irq10
                0x100001cc                isr_irq8
                0x100001cc                isr_irq24
                0x100001cc                isr_irq1
                0x100001cc                isr_irq7
                0x100001cc                isr_irq21
                0x100001cc                isr_irq20
                0x100001cc                isr_irq15
                0x100001cc                isr_irq25
                0x100001cc                isr_irq4
                0x100001cc                isr_irq16
                0x100001cc                isr_irq29
                0x100001cc                isr_irq26
                0x100001cc                __default_isrs_end
                0x100001cc                isr_irq3
                0x100001cc                isr_irq12
                0x100001cc                isr_irq9
                0x100001d2                unhandled_user_irq_num_in_r0
 *(.binary_info_header)
 .binary_info_header
                0x100001d4       0x14 CMakeFiles/Oscilloscope-adc.dir/root/.pico-sdk/sdk/2.0.0/src/rp2_common/pico_crt0/crt0.S.obj
                0x100001e8                        __binary_info_header_end = .
 *(.embedded_block)
                0x100001e8                        __embedded_block_end = .
 *(.reset)
 .reset         0x100001e8       0x9c CMakeFiles/Oscilloscope-adc.dir/root/.pico-sdk/sdk/2.0.0/src/rp2_common/pico_crt0/crt0.S.obj
                0x100001e8                _entry_point
 *(.init)
 .init          0x10000284        0x4 /root/.pico-sdk/toolchain/13_2_Rel1/bin/../lib/gcc/arm-none-eabi/13.2.1/thumb/v6-m/nofp/crti.o
                0x10000284                _init
 *(EXCLUDE_FILE(*libm.a: *libc.a:*lib_a-mem*.o *libgcc.a:) .text*)
 .text.register_tm_clones
                0x10000288       0x28 /root/.pico-sdk/toolchain/13_2_Rel1/bin/../lib/gcc/arm-none-eabi/13.2.1/thumb/v6-m/nofp/crtbegin.o
 .text.frame_dummy
                0x100002b0       0x24 /root/.pico-sdk/toolchain/13_2_Rel1/bin/../lib/gcc/arm-none-eabi/13.2.1/thumb/v6-m/nofp/crtbegin.o
 .text._Z10print_taskv
                0x100002d4       0xbc CMakeFiles/Oscilloscope-adc.dir/Oscilloscope-adc.cpp.obj
                0x100002d4                print_task()
 .text.startup.main
                0x10000390       0xec CMakeFiles/Oscilloscope-adc.dir/Oscilloscope-adc.cpp.obj
                0x10000390                main
 .text.gpio_init
                0x1000047c       0x40 CMakeFiles/Oscilloscope-adc.dir/root/.pico-sdk/sdk/2.0.0/src/rp2_common/hardware_gpio/gpio.c.obj
                0x1000047c                gpio_init
 .text.rp2040_chip_version
                0x100004bc        0xc CMakeFiles/Oscilloscope-adc.dir/root/.pico-sdk/sdk/2.0.0/src/rp2040/pico_platform/platform.c.obj
                0x100004bc                rp2040_chip_version
 .text.panic    0x100004c8       0x30 CMakeFiles/Oscilloscope-adc.dir/root/.pico-sdk/sdk/2.0.0/src/rp2_common/pico_platform_panic/panic.c.obj
                0x100004c8                panic
 .text.hw_claim_or_assert
                0x100004f8       0x44 CMakeFiles/Oscilloscope-adc.dir/root/.pico-sdk/sdk/2.0.0/src/common/hardware_claim/claim.c.obj
                0x100004f8                hw_claim_or_assert
 .text.hw_claim_unused_from_range
                0x1000053c       0x9c CMakeFiles/Oscilloscope-adc.dir/root/.pico-sdk/sdk/2.0.0/src/common/hardware_claim/claim.c.obj
                0x1000053c                hw_claim_unused_from_range
 .text.next_striped_spin_lock_num
                0x100005d8       0x18 CMakeFiles/Oscilloscope-adc.dir/root/.pico-sdk/sdk/2.0.0/src/rp2_common/hardware_sync/sync.c.obj
                0x100005d8                next_striped_spin_lock_num
 .text.spin_lock_claim_unused
                0x100005f0       0x24 CMakeFiles/Oscilloscope-adc.dir/root/.pico-sdk/sdk/2.0.0/src/rp2_common/hardware_sync/sync.c.obj
                0x100005f0                spin_lock_claim_unused
 .text.spin_locks_reset
                0x10000614       0x1c CMakeFiles/Oscilloscope-adc.dir/root/.pico-sdk/sdk/2.0.0/src/rp2_common/hardware_sync_spin_lock/sync_spin_lock.c.obj
                0x10000614                spin_locks_reset
 .text.runtime_init_per_core_irq_priorities
                0x10000630       0x24 CMakeFiles/Oscilloscope-adc.dir/root/.pico-sdk/sdk/2.0.0/src/rp2_common/hardware_irq/irq.c.obj
                0x10000630                runtime_init_per_core_irq_priorities
 .text.irq_set_enabled
                0x10000654       0x24 CMakeFiles/Oscilloscope-adc.dir/root/.pico-sdk/sdk/2.0.0/src/rp2_common/hardware_irq/irq.c.obj
                0x10000654                irq_set_enabled
 .text.irq_is_enabled
                0x10000678       0x18 CMakeFiles/Oscilloscope-adc.dir/root/.pico-sdk/sdk/2.0.0/src/rp2_common/hardware_irq/irq.c.obj
                0x10000678                irq_is_enabled
 .text.irq_set_pending
                0x10000690       0x10 CMakeFiles/Oscilloscope-adc.dir/root/.pico-sdk/sdk/2.0.0/src/rp2_common/hardware_irq/irq.c.obj
                0x10000690                irq_set_pending
 .text.irq_has_shared_handler
                0x100006a0       0x2c CMakeFiles/Oscilloscope-adc.dir/root/.pico-sdk/sdk/2.0.0/src/rp2_common/hardware_irq/irq.c.obj
                0x100006a0                irq_has_shared_handler
 .text.irq_set_exclusive_handler
                0x100006cc       0x54 CMakeFiles/Oscilloscope-adc.dir/root/.pico-sdk/sdk/2.0.0/src/rp2_common/hardware_irq/irq.c.obj
                0x100006cc                irq_set_exclusive_handler
 .text.irq_add_shared_handler
                0x10000720      0x1f4 CMakeFiles/Oscilloscope-adc.dir/root/.pico-sdk/sdk/2.0.0/src/rp2_common/hardware_irq/irq.c.obj
                0x10000720                irq_add_shared_handler
 .text.irq_add_tail_to_free_list
                0x10000914       0xb4 CMakeFiles/Oscilloscope-adc.dir/root/.pico-sdk/sdk/2.0.0/src/rp2_common/hardware_irq/irq.c.obj
                0x10000914                irq_add_tail_to_free_list
 .text.user_irq_claim_unused
                0x100009c8       0x2c CMakeFiles/Oscilloscope-adc.dir/root/.pico-sdk/sdk/2.0.0/src/rp2_common/hardware_irq/irq.c.obj
                0x100009c8                user_irq_claim_unused
 .text.lock_init
                0x100009f4       0x10 CMakeFiles/Oscilloscope-adc.dir/root/.pico-sdk/sdk/2.0.0/src/common/pico_sync/lock_core.c.obj
                0x100009f4                lock_init
 .text.runtime_init_mutex
                0x10000a04       0x50 CMakeFiles/Oscilloscope-adc.dir/root/.pico-sdk/sdk/2.0.0/src/common/pico_sync/mutex.c.obj
                0x10000a04                runtime_init_mutex
 .text.mutex_init
                0x10000a54       0x1c CMakeFiles/Oscilloscope-adc.dir/root/.pico-sdk/sdk/2.0.0/src/common/pico_sync/mutex.c.obj
                0x10000a54                mutex_init
 .text.critical_section_init
                0x10000a70       0x1c CMakeFiles/Oscilloscope-adc.dir/root/.pico-sdk/sdk/2.0.0/src/common/pico_sync/critical_section.c.obj
                0x10000a70                critical_section_init
 .text.critical_section_init_with_lock_num
                0x10000a8c       0x14 CMakeFiles/Oscilloscope-adc.dir/root/.pico-sdk/sdk/2.0.0/src/common/pico_sync/critical_section.c.obj
                0x10000a8c                critical_section_init_with_lock_num
 .text.sleep_until_callback
                0x10000aa0       0x30 CMakeFiles/Oscilloscope-adc.dir/root/.pico-sdk/sdk/2.0.0/src/common/pico_time/time.c.obj
 .text.alarm_pool_irq_handler
                0x10000ad0      0x2e4 CMakeFiles/Oscilloscope-adc.dir/root/.pico-sdk/sdk/2.0.0/src/common/pico_time/time.c.obj
 .text.runtime_init_default_alarm_pool
                0x10000db4       0xdc CMakeFiles/Oscilloscope-adc.dir/root/.pico-sdk/sdk/2.0.0/src/common/pico_time/time.c.obj
                0x10000db4                runtime_init_default_alarm_pool
 .text.alarm_pool_get_default
                0x10000e90        0x8 CMakeFiles/Oscilloscope-adc.dir/root/.pico-sdk/sdk/2.0.0/src/common/pico_time/time.c.obj
                0x10000e90                alarm_pool_get_default
 .text.alarm_pool_add_alarm_at
                0x10000e98       0xd4 CMakeFiles/Oscilloscope-adc.dir/root/.pico-sdk/sdk/2.0.0/src/common/pico_time/time.c.obj
                0x10000e98                alarm_pool_add_alarm_at
 .text.alarm_pool_cancel_alarm
                0x10000f6c       0x74 CMakeFiles/Oscilloscope-adc.dir/root/.pico-sdk/sdk/2.0.0/src/common/pico_time/time.c.obj
                0x10000f6c                alarm_pool_cancel_alarm
 .text.alarm_pool_core_num
                0x10000fe0        0x4 CMakeFiles/Oscilloscope-adc.dir/root/.pico-sdk/sdk/2.0.0/src/common/pico_time/time.c.obj
                0x10000fe0                alarm_pool_core_num
 .text.best_effort_wfe_or_timeout
                0x10000fe4      0x134 CMakeFiles/Oscilloscope-adc.dir/root/.pico-sdk/sdk/2.0.0/src/common/pico_time/time.c.obj
                0x10000fe4                best_effort_wfe_or_timeout
 .text.timer_hardware_alarm_claim
                0x10001118       0x14 CMakeFiles/Oscilloscope-adc.dir/root/.pico-sdk/sdk/2.0.0/src/rp2_common/hardware_timer/timer.c.obj
                0x10001118                timer_hardware_alarm_claim
 .text.timer_time_us_64
                0x1000112c       0x10 CMakeFiles/Oscilloscope-adc.dir/root/.pico-sdk/sdk/2.0.0/src/rp2_common/hardware_timer/timer.c.obj
                0x1000112c                timer_time_us_64
 .text.time_us_64
                0x1000113c       0x14 CMakeFiles/Oscilloscope-adc.dir/root/.pico-sdk/sdk/2.0.0/src/rp2_common/hardware_timer/timer.c.obj
                0x1000113c                time_us_64
 .text.clock_configure_int_divider
                0x10001150       0xf4 CMakeFiles/Oscilloscope-adc.dir/root/.pico-sdk/sdk/2.0.0/src/rp2_common/hardware_clocks/clocks.c.obj
                0x10001150                clock_configure_int_divider
 .text.clock_configure_undivided
                0x10001244       0xe8 CMakeFiles/Oscilloscope-adc.dir/root/.pico-sdk/sdk/2.0.0/src/rp2_common/hardware_clocks/clocks.c.obj
                0x10001244                clock_configure_undivided
 .text.clock_get_hz
                0x1000132c        0xc CMakeFiles/Oscilloscope-adc.dir/root/.pico-sdk/sdk/2.0.0/src/rp2_common/hardware_clocks/clocks.c.obj
                0x1000132c                clock_get_hz
 .text.pll_init
                0x10001338       0xa4 CMakeFiles/Oscilloscope-adc.dir/root/.pico-sdk/sdk/2.0.0/src/rp2_common/hardware_pll/pll.c.obj
                0x10001338                pll_init
 .text.watchdog_reboot
                0x100013dc       0x9c CMakeFiles/Oscilloscope-adc.dir/root/.pico-sdk/sdk/2.0.0/src/rp2_common/hardware_watchdog/watchdog.c.obj
                0x100013dc                watchdog_reboot
 .text.tick_start
                0x10001478       0x10 CMakeFiles/Oscilloscope-adc.dir/root/.pico-sdk/sdk/2.0.0/src/rp2_common/hardware_ticks/ticks.c.obj
                0x10001478                tick_start
 .text.xosc_init
                0x10001488       0x28 CMakeFiles/Oscilloscope-adc.dir/root/.pico-sdk/sdk/2.0.0/src/rp2_common/hardware_xosc/xosc.c.obj
                0x10001488                xosc_init
 .text.first_per_core_initializer
                0x100014b0        0x4 CMakeFiles/Oscilloscope-adc.dir/root/.pico-sdk/sdk/2.0.0/src/rp2_common/pico_runtime/runtime.c.obj
 .text.hard_assertion_failure
                0x100014b4        0xc CMakeFiles/Oscilloscope-adc.dir/root/.pico-sdk/sdk/2.0.0/src/rp2_common/pico_runtime/runtime.c.obj
                0x100014b4                hard_assertion_failure
 .text.runtime_run_initializers
                0x100014c0       0x28 CMakeFiles/Oscilloscope-adc.dir/root/.pico-sdk/sdk/2.0.0/src/rp2_common/pico_runtime/runtime.c.obj
                0x100014c0                runtime_run_initializers
 .text.runtime_run_per_core_initializers
                0x100014e8       0x28 CMakeFiles/Oscilloscope-adc.dir/root/.pico-sdk/sdk/2.0.0/src/rp2_common/pico_runtime/runtime.c.obj
                0x100014e8                runtime_run_per_core_initializers
 .text.runtime_init_early_resets
                0x10001510       0x2c CMakeFiles/Oscilloscope-adc.dir/root/.pico-sdk/sdk/2.0.0/src/rp2_common/pico_runtime_init/runtime_init.c.obj
                0x10001510                runtime_init_early_resets
 .text.runtime_init_usb_power_down
                0x1000153c       0x1c CMakeFiles/Oscilloscope-adc.dir/root/.pico-sdk/sdk/2.0.0/src/rp2_common/pico_runtime_init/runtime_init.c.obj
                0x1000153c                runtime_init_usb_power_down
 .text.runtime_init_post_clock_resets
                0x10001558       0x20 CMakeFiles/Oscilloscope-adc.dir/root/.pico-sdk/sdk/2.0.0/src/rp2_common/pico_runtime_init/runtime_init.c.obj
                0x10001558                runtime_init_post_clock_resets
 .text.runtime_init_rp2040_gpio_ie_disable
                0x10001578       0x14 CMakeFiles/Oscilloscope-adc.dir/root/.pico-sdk/sdk/2.0.0/src/rp2_common/pico_runtime_init/runtime_init.c.obj
                0x10001578                runtime_init_rp2040_gpio_ie_disable
 .text.runtime_init_spin_locks_reset
                0x1000158c        0x8 CMakeFiles/Oscilloscope-adc.dir/root/.pico-sdk/sdk/2.0.0/src/rp2_common/pico_runtime_init/runtime_init.c.obj
                0x1000158c                runtime_init_spin_locks_reset
 .text.runtime_init_install_ram_vector_table
                0x10001594       0x1c CMakeFiles/Oscilloscope-adc.dir/root/.pico-sdk/sdk/2.0.0/src/rp2_common/pico_runtime_init/runtime_init.c.obj
                0x10001594                runtime_init_install_ram_vector_table
 .text.runtime_init_clocks
                0x100015b0       0xd8 CMakeFiles/Oscilloscope-adc.dir/root/.pico-sdk/sdk/2.0.0/src/rp2_common/pico_runtime_init/runtime_init_clocks.c.obj
                0x100015b0                runtime_init_clocks
 .text          0x10001688       0x10 CMakeFiles/Oscilloscope-adc.dir/root/.pico-sdk/sdk/2.0.0/src/rp2_common/pico_bit_ops/bit_ops_aeabi.S.obj
 .text.rom_func_lookup
                0x10001698       0x10 CMakeFiles/Oscilloscope-adc.dir/root/.pico-sdk/sdk/2.0.0/src/rp2_common/pico_bootrom/bootrom.c.obj
                0x10001698                rom_func_lookup
 .text.rom_data_lookup
                0x100016a8       0x10 CMakeFiles/Oscilloscope-adc.dir/root/.pico-sdk/sdk/2.0.0/src/rp2_common/pico_bootrom/bootrom.c.obj
                0x100016a8                rom_data_lookup
 .text.rom_funcs_lookup
                0x100016b8       0x44 CMakeFiles/Oscilloscope-adc.dir/root/.pico-sdk/sdk/2.0.0/src/rp2_common/pico_bootrom/bootrom.c.obj
                0x100016b8                rom_funcs_lookup
 .text.rom_reset_usb_boot
                0x100016fc       0x20 CMakeFiles/Oscilloscope-adc.dir/root/.pico-sdk/sdk/2.0.0/src/rp2_common/pico_bootrom/bootrom.c.obj
                0x100016fc                rom_reset_usb_boot
 .text.__wrap___aeabi_idiv
                0x1000171c       0x50 CMakeFiles/Oscilloscope-adc.dir/root/.pico-sdk/sdk/2.0.0/src/rp2_common/pico_divider/divider_hardware.S.obj
                0x1000171c                __wrap___aeabi_idivmod
                0x1000171c                divmod_s32s32
                0x1000171c                div_s32s32
                0x1000171c                __wrap___aeabi_idiv
                0x10001724                divmod_s32s32_unsafe
                0x10001750                divmod_s32s32_savestate
 .text.__wrap___aeabi_uidiv
                0x1000176c       0x4c CMakeFiles/Oscilloscope-adc.dir/root/.pico-sdk/sdk/2.0.0/src/rp2_common/pico_divider/divider_hardware.S.obj
                0x1000176c                __wrap___aeabi_uidiv
                0x1000176c                __wrap___aeabi_uidivmod
                0x1000176c                div_u32u32
                0x1000176c                divmod_u32u32
                0x10001774                divmod_u32u32_unsafe
                0x1000179c                divmod_u32u32_savestate
 .text.__wrap___aeabi_ldiv
                0x100017b8      0x424 CMakeFiles/Oscilloscope-adc.dir/root/.pico-sdk/sdk/2.0.0/src/rp2_common/pico_divider/divider_hardware.S.obj
                0x100017b8                div_s64s64
                0x100017b8                divmod_s64s64
                0x100017b8                __wrap___aeabi_ldivmod
                0x100017e8                div_u64u64
                0x100017e8                divmod_u64u64
                0x100017e8                __wrap___aeabi_uldivmod
                0x100017f8                divmod_u64u64_savestate
                0x10001818                divmod_s64s64_unsafe
                0x100018a0                divmod_u64u64_unsafe
 .text.__wrap___aeabi_darithmetic
                0x10001bdc       0x80 CMakeFiles/Oscilloscope-adc.dir/root/.pico-sdk/sdk/2.0.0/src/rp2_common/pico_double/double_aeabi_rp2040.S.obj
                0x10001bdc                __wrap___aeabi_drsub
                0x10001be2                __wrap___aeabi_dsub
                0x10001bf4                __wrap___aeabi_dadd
                0x10001c06                __wrap___aeabi_ddiv
                0x10001c42                __wrap___aeabi_dmul
 .text.__wrap___aeabi_cdcmple
                0x10001c5c       0x6c CMakeFiles/Oscilloscope-adc.dir/root/.pico-sdk/sdk/2.0.0/src/rp2_common/pico_double/double_aeabi_rp2040.S.obj
                0x10001c5c                __wrap___aeabi_cdrcmple
                0x10001c6c                __wrap___aeabi_cdcmple
                0x10001c6c                __wrap___aeabi_cdcmpeq
 .text.__wrap___aeabi_dcmplt
                0x10001cc8        0xc CMakeFiles/Oscilloscope-adc.dir/root/.pico-sdk/sdk/2.0.0/src/rp2_common/pico_double/double_aeabi_rp2040.S.obj
                0x10001cc8                __wrap___aeabi_dcmplt
 .text.__wrap___aeabi_dcmpge
                0x10001cd4       0x10 CMakeFiles/Oscilloscope-adc.dir/root/.pico-sdk/sdk/2.0.0/src/rp2_common/pico_double/double_aeabi_rp2040.S.obj
                0x10001cd4                __wrap___aeabi_dcmpge
 .text.__wrap___aeabi_dcmpgt
                0x10001ce4        0xa CMakeFiles/Oscilloscope-adc.dir/root/.pico-sdk/sdk/2.0.0/src/rp2_common/pico_double/double_aeabi_rp2040.S.obj
                0x10001ce4                __wrap___aeabi_dcmpgt
 .text.__wrap___aeabi_dcmpun
                0x10001cee       0x18 CMakeFiles/Oscilloscope-adc.dir/root/.pico-sdk/sdk/2.0.0/src/rp2_common/pico_double/double_aeabi_rp2040.S.obj
                0x10001cee                __wrap___aeabi_dcmpun
 *fill*         0x10001d06        0x2 
 .text.__wrap___aeabi_i2d
                0x10001d08       0x38 CMakeFiles/Oscilloscope-adc.dir/root/.pico-sdk/sdk/2.0.0/src/rp2_common/pico_double/double_aeabi_rp2040.S.obj
                0x10001d08                __wrap___aeabi_ui2d
                0x10001d10                __wrap___aeabi_i2d
 .text.__wrap___aeabi_d2iz
                0x10001d40       0x48 CMakeFiles/Oscilloscope-adc.dir/root/.pico-sdk/sdk/2.0.0/src/rp2_common/pico_double/double_aeabi_rp2040.S.obj
                0x10001d40                __wrap___aeabi_d2iz
                0x10001d40                double2int_z
 .text.__wrap___aeabi_d2uiz
                0x10001d88       0x18 CMakeFiles/Oscilloscope-adc.dir/root/.pico-sdk/sdk/2.0.0/src/rp2_common/pico_double/double_aeabi_rp2040.S.obj
                0x10001d88                double2uint
                0x10001d88                __wrap___aeabi_d2uiz
 .text.__aeabi_double_init
                0x10001da0       0xa4 CMakeFiles/Oscilloscope-adc.dir/root/.pico-sdk/sdk/2.0.0/src/rp2_common/pico_double/double_init_rom_rp2040.c.obj
                0x10001da0                __aeabi_double_init
 .text.double_table_shim_on_use_helper
                0x10001e44       0x2c CMakeFiles/Oscilloscope-adc.dir/root/.pico-sdk/sdk/2.0.0/src/rp2_common/pico_double/double_v1_rom_shim_rp2040.S.obj
                0x10001e44                double_table_shim_on_use_helper
 .text.__wrap___aeabi_dsub
                0x10001e70       0x10 CMakeFiles/Oscilloscope-adc.dir/root/.pico-sdk/sdk/2.0.0/src/rp2_common/pico_double/double_v1_rom_shim_rp2040.S.obj
                0x10001e70                drsub_shim
                0x10001e76                dsub_shim
 .text.dadd_shim
                0x10001e80      0x15c CMakeFiles/Oscilloscope-adc.dir/root/.pico-sdk/sdk/2.0.0/src/rp2_common/pico_double/double_v1_rom_shim_rp2040.S.obj
                0x10001e80                dadd_shim
 .text.dmul_shim
                0x10001fdc      0x15c CMakeFiles/Oscilloscope-adc.dir/root/.pico-sdk/sdk/2.0.0/src/rp2_common/pico_double/double_v1_rom_shim_rp2040.S.obj
                0x10001fdc                dmul_shim
 .text.ddiv_shim
                0x10002138      0x1b0 CMakeFiles/Oscilloscope-adc.dir/root/.pico-sdk/sdk/2.0.0/src/rp2_common/pico_double/double_v1_rom_shim_rp2040.S.obj
                0x10002138                ddiv_shim
 .text.double2uint_shim
                0x100022e8        0xe CMakeFiles/Oscilloscope-adc.dir/root/.pico-sdk/sdk/2.0.0/src/rp2_common/pico_double/double_v1_rom_shim_rp2040.S.obj
                0x100022e8                double2uint_shim
                0x100022ea                double2ufix_shim
 *fill*         0x100022f6        0x2 
 .text.double2uint64_shim
                0x100022f8       0x70 CMakeFiles/Oscilloscope-adc.dir/root/.pico-sdk/sdk/2.0.0/src/rp2_common/pico_double/double_v1_rom_shim_rp2040.S.obj
                0x100022f8                double2uint64_shim
                0x100022fa                double2ufix64_shim
                0x1000231a                d2fix_a
 .text.dunpacks
                0x10002368       0x3c CMakeFiles/Oscilloscope-adc.dir/root/.pico-sdk/sdk/2.0.0/src/rp2_common/pico_double/double_v1_rom_shim_rp2040.S.obj
                0x10002368                dunpacks
 .text.__aeabi_lmul
                0x100023a4       0x32 CMakeFiles/Oscilloscope-adc.dir/root/.pico-sdk/sdk/2.0.0/src/rp2_common/pico_int64_ops/pico_int64_ops_aeabi.S.obj
                0x100023a4                __wrap___aeabi_lmul
 *fill*         0x100023d6        0x2 
 .text.__aeabi_float_init
                0x100023d8       0x64 CMakeFiles/Oscilloscope-adc.dir/root/.pico-sdk/sdk/2.0.0/src/rp2_common/pico_float/float_init_rom_rp2040.c.obj
                0x100023d8                __aeabi_float_init
 .text.float_table_shim_on_use_helper
                0x1000243c       0x2c CMakeFiles/Oscilloscope-adc.dir/root/.pico-sdk/sdk/2.0.0/src/rp2_common/pico_float/float_v1_rom_shim_rp2040.S.obj
                0x1000243c                float_table_shim_on_use_helper
 .text          0x10002468       0x10 CMakeFiles/Oscilloscope-adc.dir/root/.pico-sdk/sdk/2.0.0/src/rp2_common/pico_mem_ops/mem_ops_aeabi.S.obj
                0x10002468                __aeabi_mem_init
 .text.memset   0x10002478        0xc CMakeFiles/Oscilloscope-adc.dir/root/.pico-sdk/sdk/2.0.0/src/rp2_common/pico_mem_ops/mem_ops_aeabi.S.obj
                0x10002478                __wrap_memset
 .text.memcpy   0x10002484        0xc CMakeFiles/Oscilloscope-adc.dir/root/.pico-sdk/sdk/2.0.0/src/rp2_common/pico_mem_ops/mem_ops_aeabi.S.obj
                0x10002484                __wrap___aeabi_memcpy
                0x10002484                __wrap_memcpy
 .text._out_null
                0x10002490        0x4 CMakeFiles/Oscilloscope-adc.dir/root/.pico-sdk/sdk/2.0.0/src/rp2_common/pico_printf/printf.c.obj
 .text._out_rev
                0x10002494       0xac CMakeFiles/Oscilloscope-adc.dir/root/.pico-sdk/sdk/2.0.0/src/rp2_common/pico_printf/printf.c.obj
 .text._ntoa_format
                0x10002540      0x250 CMakeFiles/Oscilloscope-adc.dir/root/.pico-sdk/sdk/2.0.0/src/rp2_common/pico_printf/printf.c.obj
 .text._out_char
                0x10002790       0x10 CMakeFiles/Oscilloscope-adc.dir/root/.pico-sdk/sdk/2.0.0/src/rp2_common/pico_printf/printf.c.obj
 .text._out_fct
                0x100027a0       0x10 CMakeFiles/Oscilloscope-adc.dir/root/.pico-sdk/sdk/2.0.0/src/rp2_common/pico_printf/printf.c.obj
 .text._etoa    0x100027b0      0x464 CMakeFiles/Oscilloscope-adc.dir/root/.pico-sdk/sdk/2.0.0/src/rp2_common/pico_printf/printf.c.obj
 .text._ftoa    0x10002c14      0x3c0 CMakeFiles/Oscilloscope-adc.dir/root/.pico-sdk/sdk/2.0.0/src/rp2_common/pico_printf/printf.c.obj
 .text._vsnprintf
                0x10002fd4      0xbc8 CMakeFiles/Oscilloscope-adc.dir/root/.pico-sdk/sdk/2.0.0/src/rp2_common/pico_printf/printf.c.obj
 .text.vfctprintf
                0x10003b9c       0x20 CMakeFiles/Oscilloscope-adc.dir/root/.pico-sdk/sdk/2.0.0/src/rp2_common/pico_printf/printf.c.obj
                0x10003b9c                vfctprintf
 .text.weak_raw_vprintf
                0x10003bbc       0x30 CMakeFiles/Oscilloscope-adc.dir/root/.pico-sdk/sdk/2.0.0/src/rp2_common/pico_printf/printf.c.obj
                0x10003bbc                weak_raw_vprintf
 .text._exit    0x10003bec        0x4 CMakeFiles/Oscilloscope-adc.dir/root/.pico-sdk/sdk/2.0.0/src/rp2_common/pico_clib_interface/newlib_interface.c.obj
                0x10003bec                _exit
 .text.exit     0x10003bf0        0x8 CMakeFiles/Oscilloscope-adc.dir/root/.pico-sdk/sdk/2.0.0/src/rp2_common/pico_clib_interface/newlib_interface.c.obj
                0x10003bf0                exit
 .text.runtime_init
                0x10003bf8       0x2c CMakeFiles/Oscilloscope-adc.dir/root/.pico-sdk/sdk/2.0.0/src/rp2_common/pico_clib_interface/newlib_interface.c.obj
                0x10003bf8                runtime_init
 .text.stdio_out_chars_no_crlf
                0x10003c24       0x10 CMakeFiles/Oscilloscope-adc.dir/root/.pico-sdk/sdk/2.0.0/src/rp2_common/pico_stdio/stdio.c.obj
 .text.stdio_out_chars_crlf
                0x10003c34       0x94 CMakeFiles/Oscilloscope-adc.dir/root/.pico-sdk/sdk/2.0.0/src/rp2_common/pico_stdio/stdio.c.obj
 .text.stdio_buffered_printer
                0x10003cc8       0x64 CMakeFiles/Oscilloscope-adc.dir/root/.pico-sdk/sdk/2.0.0/src/rp2_common/pico_stdio/stdio.c.obj
 .text.stdio_put_string
                0x10003d2c      0x100 CMakeFiles/Oscilloscope-adc.dir/root/.pico-sdk/sdk/2.0.0/src/rp2_common/pico_stdio/stdio.c.obj
                0x10003d2c                stdio_put_string
 .text.stdio_set_driver_enabled
                0x10003e2c       0x30 CMakeFiles/Oscilloscope-adc.dir/root/.pico-sdk/sdk/2.0.0/src/rp2_common/pico_stdio/stdio.c.obj
                0x10003e2c                stdio_set_driver_enabled
 .text.stdio_init_all
                0x10003e5c        0x8 CMakeFiles/Oscilloscope-adc.dir/root/.pico-sdk/sdk/2.0.0/src/rp2_common/pico_stdio/stdio.c.obj
                0x10003e5c                stdio_init_all
 .text.__wrap_putchar
                0x10003e64       0x98 CMakeFiles/Oscilloscope-adc.dir/root/.pico-sdk/sdk/2.0.0/src/rp2_common/pico_stdio/stdio.c.obj
                0x10003e64                stdio_putchar
                0x10003e64                __wrap_putchar
 .text.__wrap_puts
                0x10003efc       0x3c CMakeFiles/Oscilloscope-adc.dir/root/.pico-sdk/sdk/2.0.0/src/rp2_common/pico_stdio/stdio.c.obj
                0x10003efc                __wrap_puts
                0x10003efc                stdio_puts
 .text.__wrap_vprintf
                0x10003f38       0xd4 CMakeFiles/Oscilloscope-adc.dir/root/.pico-sdk/sdk/2.0.0/src/rp2_common/pico_stdio/stdio.c.obj
                0x10003f38                __wrap_vprintf
                0x10003f38                stdio_vprintf
 .text.__wrap_printf
                0x1000400c       0x18 CMakeFiles/Oscilloscope-adc.dir/root/.pico-sdk/sdk/2.0.0/src/rp2_common/pico_stdio/stdio.c.obj
                0x1000400c                stdio_printf
                0x1000400c                __wrap_printf
 .text.resetd_init
                0x10004024        0x4 CMakeFiles/Oscilloscope-adc.dir/root/.pico-sdk/sdk/2.0.0/src/rp2_common/pico_stdio_usb/reset_interface.c.obj
 .text.resetd_reset
                0x10004028        0xc CMakeFiles/Oscilloscope-adc.dir/root/.pico-sdk/sdk/2.0.0/src/rp2_common/pico_stdio_usb/reset_interface.c.obj
 .text.resetd_open
                0x10004034       0x28 CMakeFiles/Oscilloscope-adc.dir/root/.pico-sdk/sdk/2.0.0/src/rp2_common/pico_stdio_usb/reset_interface.c.obj
 .text.resetd_xfer_cb
                0x1000405c        0x4 CMakeFiles/Oscilloscope-adc.dir/root/.pico-sdk/sdk/2.0.0/src/rp2_common/pico_stdio_usb/reset_interface.c.obj
 .text.resetd_control_xfer_cb
                0x10004060       0x54 CMakeFiles/Oscilloscope-adc.dir/root/.pico-sdk/sdk/2.0.0/src/rp2_common/pico_stdio_usb/reset_interface.c.obj
 .text.tud_descriptor_bos_cb
                0x100040b4        0x8 CMakeFiles/Oscilloscope-adc.dir/root/.pico-sdk/sdk/2.0.0/src/rp2_common/pico_stdio_usb/reset_interface.c.obj
                0x100040b4                tud_descriptor_bos_cb
 .text.tud_vendor_control_xfer_cb
                0x100040bc       0x34 CMakeFiles/Oscilloscope-adc.dir/root/.pico-sdk/sdk/2.0.0/src/rp2_common/pico_stdio_usb/reset_interface.c.obj
                0x100040bc                tud_vendor_control_xfer_cb
 .text.usbd_app_driver_get_cb
                0x100040f0        0xc CMakeFiles/Oscilloscope-adc.dir/root/.pico-sdk/sdk/2.0.0/src/rp2_common/pico_stdio_usb/reset_interface.c.obj
                0x100040f0                usbd_app_driver_get_cb
 .text.tud_cdc_line_coding_cb
                0x100040fc       0x28 CMakeFiles/Oscilloscope-adc.dir/root/.pico-sdk/sdk/2.0.0/src/rp2_common/pico_stdio_usb/reset_interface.c.obj
                0x100040fc                tud_cdc_line_coding_cb
 .text.stdio_usb_set_chars_available_callback
                0x10004124       0x14 CMakeFiles/Oscilloscope-adc.dir/root/.pico-sdk/sdk/2.0.0/src/rp2_common/pico_stdio_usb/stdio_usb.c.obj
                0x10004124                stdio_usb_set_chars_available_callback
 .text.usb_irq  0x10004138       0x10 CMakeFiles/Oscilloscope-adc.dir/root/.pico-sdk/sdk/2.0.0/src/rp2_common/pico_stdio_usb/stdio_usb.c.obj
 .text.timer_task
                0x10004148       0x64 CMakeFiles/Oscilloscope-adc.dir/root/.pico-sdk/sdk/2.0.0/src/rp2_common/pico_stdio_usb/stdio_usb.c.obj
 .text.stdio_usb_in_chars
                0x100041ac       0x90 CMakeFiles/Oscilloscope-adc.dir/root/.pico-sdk/sdk/2.0.0/src/rp2_common/pico_stdio_usb/stdio_usb.c.obj
                0x100041ac                stdio_usb_in_chars
 .text.stdio_usb_out_flush
                0x1000423c       0x50 CMakeFiles/Oscilloscope-adc.dir/root/.pico-sdk/sdk/2.0.0/src/rp2_common/pico_stdio_usb/stdio_usb.c.obj
 .text.stdio_usb_out_chars
                0x1000428c      0x104 CMakeFiles/Oscilloscope-adc.dir/root/.pico-sdk/sdk/2.0.0/src/rp2_common/pico_stdio_usb/stdio_usb.c.obj
 .text.low_priority_worker_irq
                0x10004390       0xcc CMakeFiles/Oscilloscope-adc.dir/root/.pico-sdk/sdk/2.0.0/src/rp2_common/pico_stdio_usb/stdio_usb.c.obj
 .text.stdio_usb_init
                0x1000445c       0xe8 CMakeFiles/Oscilloscope-adc.dir/root/.pico-sdk/sdk/2.0.0/src/rp2_common/pico_stdio_usb/stdio_usb.c.obj
                0x1000445c                stdio_usb_init
 .text.tud_descriptor_device_cb
                0x10004544        0x8 CMakeFiles/Oscilloscope-adc.dir/root/.pico-sdk/sdk/2.0.0/src/rp2_common/pico_stdio_usb/stdio_usb_descriptors.c.obj
                0x10004544                tud_descriptor_device_cb
 .text.tud_descriptor_configuration_cb
                0x1000454c        0x8 CMakeFiles/Oscilloscope-adc.dir/root/.pico-sdk/sdk/2.0.0/src/rp2_common/pico_stdio_usb/stdio_usb_descriptors.c.obj
                0x1000454c                tud_descriptor_configuration_cb
 .text.tud_descriptor_string_cb
                0x10004554       0x78 CMakeFiles/Oscilloscope-adc.dir/root/.pico-sdk/sdk/2.0.0/src/rp2_common/pico_stdio_usb/stdio_usb_descriptors.c.obj
                0x10004554                tud_descriptor_string_cb
 .text.startup._retrieve_unique_id_on_boot
                0x100045cc       0x10 CMakeFiles/Oscilloscope-adc.dir/root/.pico-sdk/sdk/2.0.0/src/rp2_common/pico_unique_id/unique_id.c.obj
 .text.pico_get_unique_board_id_string
                0x100045dc      0x1a8 CMakeFiles/Oscilloscope-adc.dir/root/.pico-sdk/sdk/2.0.0/src/rp2_common/pico_unique_id/unique_id.c.obj
                0x100045dc                pico_get_unique_board_id_string
 .text.flash_get_unique_id
                0x10004784       0x3c CMakeFiles/Oscilloscope-adc.dir/root/.pico-sdk/sdk/2.0.0/src/rp2_common/hardware_flash/flash.c.obj
                0x10004784                flash_get_unique_id
 .text.dcd_init
                0x100047c0       0x8c CMakeFiles/Oscilloscope-adc.dir/root/.pico-sdk/sdk/2.0.0/lib/tinyusb/src/portable/raspberrypi/rp2040/dcd_rp2040.c.obj
                0x100047c0                dcd_init
 .text.dcd_int_enable
                0x1000484c        0xc CMakeFiles/Oscilloscope-adc.dir/root/.pico-sdk/sdk/2.0.0/lib/tinyusb/src/portable/raspberrypi/rp2040/dcd_rp2040.c.obj
                0x1000484c                dcd_int_enable
 .text.dcd_set_address
                0x10004858       0x14 CMakeFiles/Oscilloscope-adc.dir/root/.pico-sdk/sdk/2.0.0/lib/tinyusb/src/portable/raspberrypi/rp2040/dcd_rp2040.c.obj
                0x10004858                dcd_set_address
 .text.dcd_sof_enable
                0x1000486c       0x1c CMakeFiles/Oscilloscope-adc.dir/root/.pico-sdk/sdk/2.0.0/lib/tinyusb/src/portable/raspberrypi/rp2040/dcd_rp2040.c.obj
                0x1000486c                dcd_sof_enable
 .text.dcd_edpt0_status_complete
                0x10004888       0x1c CMakeFiles/Oscilloscope-adc.dir/root/.pico-sdk/sdk/2.0.0/lib/tinyusb/src/portable/raspberrypi/rp2040/dcd_rp2040.c.obj
                0x10004888                dcd_edpt0_status_complete
 .text.dcd_edpt_open
                0x100048a4      0x108 CMakeFiles/Oscilloscope-adc.dir/root/.pico-sdk/sdk/2.0.0/lib/tinyusb/src/portable/raspberrypi/rp2040/dcd_rp2040.c.obj
                0x100048a4                dcd_edpt_open
 .text.dcd_edpt_close_all
                0x100049ac        0x8 CMakeFiles/Oscilloscope-adc.dir/root/.pico-sdk/sdk/2.0.0/lib/tinyusb/src/portable/raspberrypi/rp2040/dcd_rp2040.c.obj
                0x100049ac                dcd_edpt_close_all
 .text.dcd_edpt_xfer
                0x100049b4       0x24 CMakeFiles/Oscilloscope-adc.dir/root/.pico-sdk/sdk/2.0.0/lib/tinyusb/src/portable/raspberrypi/rp2040/dcd_rp2040.c.obj
                0x100049b4                dcd_edpt_xfer
 .text.dcd_edpt_stall
                0x100049d8       0x34 CMakeFiles/Oscilloscope-adc.dir/root/.pico-sdk/sdk/2.0.0/lib/tinyusb/src/portable/raspberrypi/rp2040/dcd_rp2040.c.obj
                0x100049d8                dcd_edpt_stall
 .text.dcd_edpt_clear_stall
                0x10004a0c       0x30 CMakeFiles/Oscilloscope-adc.dir/root/.pico-sdk/sdk/2.0.0/lib/tinyusb/src/portable/raspberrypi/rp2040/dcd_rp2040.c.obj
                0x10004a0c                dcd_edpt_clear_stall
 .text.rp2040_usb_init
                0x10004a3c       0x40 CMakeFiles/Oscilloscope-adc.dir/root/.pico-sdk/sdk/2.0.0/lib/tinyusb/src/portable/raspberrypi/rp2040/rp2040_usb.c.obj
                0x10004a3c                rp2040_usb_init
 .text.hw_endpoint_xfer_start
                0x10004a7c       0x40 CMakeFiles/Oscilloscope-adc.dir/root/.pico-sdk/sdk/2.0.0/lib/tinyusb/src/portable/raspberrypi/rp2040/rp2040_usb.c.obj
                0x10004a7c                hw_endpoint_xfer_start
 .text.tud_event_hook_cb
                0x10004abc        0x4 CMakeFiles/Oscilloscope-adc.dir/root/.pico-sdk/sdk/2.0.0/lib/tinyusb/src/device/usbd.c.obj
                0x10004abc                tud_event_hook_cb
 .text.tud_sof_cb
                0x10004ac0        0x4 CMakeFiles/Oscilloscope-adc.dir/root/.pico-sdk/sdk/2.0.0/lib/tinyusb/src/device/usbd.c.obj
                0x10004ac0                tud_sof_cb
 .text.tud_descriptor_device_qualifier_cb
                0x10004ac4        0x4 CMakeFiles/Oscilloscope-adc.dir/root/.pico-sdk/sdk/2.0.0/lib/tinyusb/src/device/usbd.c.obj
                0x10004ac4                tud_descriptor_device_qualifier_cb
 .text.tud_descriptor_other_speed_configuration_cb
                0x10004ac8        0x4 CMakeFiles/Oscilloscope-adc.dir/root/.pico-sdk/sdk/2.0.0/lib/tinyusb/src/device/usbd.c.obj
                0x10004ac8                tud_descriptor_other_speed_configuration_cb
 .text.tud_mount_cb
                0x10004acc        0x4 CMakeFiles/Oscilloscope-adc.dir/root/.pico-sdk/sdk/2.0.0/lib/tinyusb/src/device/usbd.c.obj
                0x10004acc                tud_mount_cb
 .text.tud_umount_cb
                0x10004ad0        0x4 CMakeFiles/Oscilloscope-adc.dir/root/.pico-sdk/sdk/2.0.0/lib/tinyusb/src/device/usbd.c.obj
                0x10004ad0                tud_umount_cb
 .text.tud_suspend_cb
                0x10004ad4        0x4 CMakeFiles/Oscilloscope-adc.dir/root/.pico-sdk/sdk/2.0.0/lib/tinyusb/src/device/usbd.c.obj
                0x10004ad4                tud_suspend_cb
 .text.tud_resume_cb
                0x10004ad8        0x4 CMakeFiles/Oscilloscope-adc.dir/root/.pico-sdk/sdk/2.0.0/lib/tinyusb/src/device/usbd.c.obj
                0x10004ad8                tud_resume_cb
 .text.tud_mounted
                0x10004adc       0x10 CMakeFiles/Oscilloscope-adc.dir/root/.pico-sdk/sdk/2.0.0/lib/tinyusb/src/device/usbd.c.obj
                0x10004adc                tud_mounted
 .text.tud_suspended
                0x10004aec       0x10 CMakeFiles/Oscilloscope-adc.dir/root/.pico-sdk/sdk/2.0.0/lib/tinyusb/src/device/usbd.c.obj
                0x10004aec                tud_suspended
 .text.tud_init
                0x10004afc       0xe4 CMakeFiles/Oscilloscope-adc.dir/root/.pico-sdk/sdk/2.0.0/lib/tinyusb/src/device/usbd.c.obj
                0x10004afc                tud_init
 .text.tud_task_ext
                0x10004be0      0x800 CMakeFiles/Oscilloscope-adc.dir/root/.pico-sdk/sdk/2.0.0/lib/tinyusb/src/device/usbd.c.obj
                0x10004be0                tud_task_ext
 .text.usbd_open_edpt_pair
                0x100053e0       0x9c CMakeFiles/Oscilloscope-adc.dir/root/.pico-sdk/sdk/2.0.0/lib/tinyusb/src/device/usbd.c.obj
                0x100053e0                usbd_open_edpt_pair
 .text.usbd_edpt_open
                0x1000547c       0x34 CMakeFiles/Oscilloscope-adc.dir/root/.pico-sdk/sdk/2.0.0/lib/tinyusb/src/device/usbd.c.obj
                0x1000547c                usbd_edpt_open
 .text.usbd_edpt_claim
                0x100054b0       0x28 CMakeFiles/Oscilloscope-adc.dir/root/.pico-sdk/sdk/2.0.0/lib/tinyusb/src/device/usbd.c.obj
                0x100054b0                usbd_edpt_claim
 .text.usbd_edpt_release
                0x100054d8       0x28 CMakeFiles/Oscilloscope-adc.dir/root/.pico-sdk/sdk/2.0.0/lib/tinyusb/src/device/usbd.c.obj
                0x100054d8                usbd_edpt_release
 .text.usbd_edpt_xfer
                0x10005500       0x4c CMakeFiles/Oscilloscope-adc.dir/root/.pico-sdk/sdk/2.0.0/lib/tinyusb/src/device/usbd.c.obj
                0x10005500                usbd_edpt_xfer
 .text.tud_control_status
                0x1000554c       0x2c CMakeFiles/Oscilloscope-adc.dir/root/.pico-sdk/sdk/2.0.0/lib/tinyusb/src/device/usbd_control.c.obj
                0x1000554c                tud_control_status
 .text.tud_control_xfer
                0x10005578       0xac CMakeFiles/Oscilloscope-adc.dir/root/.pico-sdk/sdk/2.0.0/lib/tinyusb/src/device/usbd_control.c.obj
                0x10005578                tud_control_xfer
 .text.usbd_control_reset
                0x10005624       0x14 CMakeFiles/Oscilloscope-adc.dir/root/.pico-sdk/sdk/2.0.0/lib/tinyusb/src/device/usbd_control.c.obj
                0x10005624                usbd_control_reset
 .text.usbd_control_set_complete_callback
                0x10005638        0xc CMakeFiles/Oscilloscope-adc.dir/root/.pico-sdk/sdk/2.0.0/lib/tinyusb/src/device/usbd_control.c.obj
                0x10005638                usbd_control_set_complete_callback
 .text.usbd_control_set_request
                0x10005644       0x1c CMakeFiles/Oscilloscope-adc.dir/root/.pico-sdk/sdk/2.0.0/lib/tinyusb/src/device/usbd_control.c.obj
                0x10005644                usbd_control_set_request
 .text.usbd_control_xfer_cb
                0x10005660       0xec CMakeFiles/Oscilloscope-adc.dir/root/.pico-sdk/sdk/2.0.0/lib/tinyusb/src/device/usbd_control.c.obj
                0x10005660                usbd_control_xfer_cb
 .text._prep_out_transaction.isra.0
                0x1000574c       0x5c CMakeFiles/Oscilloscope-adc.dir/root/.pico-sdk/sdk/2.0.0/lib/tinyusb/src/class/cdc/cdc_device.c.obj
 .text.tud_cdc_n_connected
                0x100057a8       0x30 CMakeFiles/Oscilloscope-adc.dir/root/.pico-sdk/sdk/2.0.0/lib/tinyusb/src/class/cdc/cdc_device.c.obj
                0x100057a8                tud_cdc_n_connected
 .text.tud_cdc_n_available
                0x100057d8       0x18 CMakeFiles/Oscilloscope-adc.dir/root/.pico-sdk/sdk/2.0.0/lib/tinyusb/src/class/cdc/cdc_device.c.obj
                0x100057d8                tud_cdc_n_available
 .text.tud_cdc_n_read
                0x100057f0       0x98 CMakeFiles/Oscilloscope-adc.dir/root/.pico-sdk/sdk/2.0.0/lib/tinyusb/src/class/cdc/cdc_device.c.obj
                0x100057f0                tud_cdc_n_read
 .text.tud_cdc_n_write_flush
                0x10005888       0x78 CMakeFiles/Oscilloscope-adc.dir/root/.pico-sdk/sdk/2.0.0/lib/tinyusb/src/class/cdc/cdc_device.c.obj
                0x10005888                tud_cdc_n_write_flush
 .text.tud_cdc_n_write
                0x10005900       0x40 CMakeFiles/Oscilloscope-adc.dir/root/.pico-sdk/sdk/2.0.0/lib/tinyusb/src/class/cdc/cdc_device.c.obj
                0x10005900                tud_cdc_n_write
 .text.tud_cdc_n_write_available
                0x10005940       0x18 CMakeFiles/Oscilloscope-adc.dir/root/.pico-sdk/sdk/2.0.0/lib/tinyusb/src/class/cdc/cdc_device.c.obj
                0x10005940                tud_cdc_n_write_available
 .text.cdcd_init
                0x10005958       0x7c CMakeFiles/Oscilloscope-adc.dir/root/.pico-sdk/sdk/2.0.0/lib/tinyusb/src/class/cdc/cdc_device.c.obj
                0x10005958                cdcd_init
 .text.cdcd_deinit
                0x100059d4       0x34 CMakeFiles/Oscilloscope-adc.dir/root/.pico-sdk/sdk/2.0.0/lib/tinyusb/src/class/cdc/cdc_device.c.obj
                0x100059d4                cdcd_deinit
 .text.cdcd_reset
                0x10005a08       0x4c CMakeFiles/Oscilloscope-adc.dir/root/.pico-sdk/sdk/2.0.0/lib/tinyusb/src/class/cdc/cdc_device.c.obj
                0x10005a08                cdcd_reset
 .text.cdcd_open
                0x10005a54       0xb0 CMakeFiles/Oscilloscope-adc.dir/root/.pico-sdk/sdk/2.0.0/lib/tinyusb/src/class/cdc/cdc_device.c.obj
                0x10005a54                cdcd_open
 .text.cdcd_control_xfer_cb
                0x10005b04       0xe4 CMakeFiles/Oscilloscope-adc.dir/root/.pico-sdk/sdk/2.0.0/lib/tinyusb/src/class/cdc/cdc_device.c.obj
                0x10005b04                cdcd_control_xfer_cb
 .text.cdcd_xfer_cb
                0x10005be8      0x100 CMakeFiles/Oscilloscope-adc.dir/root/.pico-sdk/sdk/2.0.0/lib/tinyusb/src/class/cdc/cdc_device.c.obj
                0x10005be8                cdcd_xfer_cb
 .text.tud_vendor_n_write_flush
                0x10005ce8       0x78 CMakeFiles/Oscilloscope-adc.dir/root/.pico-sdk/sdk/2.0.0/lib/tinyusb/src/class/vendor/vendor_device.c.obj
                0x10005ce8                tud_vendor_n_write_flush
 .text.vendord_init
                0x10005d60       0x64 CMakeFiles/Oscilloscope-adc.dir/root/.pico-sdk/sdk/2.0.0/lib/tinyusb/src/class/vendor/vendor_device.c.obj
                0x10005d60                vendord_init
 .text.vendord_deinit
                0x10005dc4       0x34 CMakeFiles/Oscilloscope-adc.dir/root/.pico-sdk/sdk/2.0.0/lib/tinyusb/src/class/vendor/vendor_device.c.obj
                0x10005dc4                vendord_deinit
 .text.vendord_reset
                0x10005df8       0x1c CMakeFiles/Oscilloscope-adc.dir/root/.pico-sdk/sdk/2.0.0/lib/tinyusb/src/class/vendor/vendor_device.c.obj
                0x10005df8                vendord_reset
 .text.vendord_open
                0x10005e14       0xd8 CMakeFiles/Oscilloscope-adc.dir/root/.pico-sdk/sdk/2.0.0/lib/tinyusb/src/class/vendor/vendor_device.c.obj
                0x10005e14                vendord_open
 .text.vendord_xfer_cb
                0x10005eec       0xc8 CMakeFiles/Oscilloscope-adc.dir/root/.pico-sdk/sdk/2.0.0/lib/tinyusb/src/class/vendor/vendor_device.c.obj
                0x10005eec                vendord_xfer_cb
 .text.tusb_init
                0x10005fb4        0xc CMakeFiles/Oscilloscope-adc.dir/root/.pico-sdk/sdk/2.0.0/lib/tinyusb/src/tusb.c.obj
                0x10005fb4                tusb_init
 .text.tu_edpt_claim
                0x10005fc0       0x50 CMakeFiles/Oscilloscope-adc.dir/root/.pico-sdk/sdk/2.0.0/lib/tinyusb/src/tusb.c.obj
                0x10005fc0                tu_edpt_claim
 .text.tu_edpt_release
                0x10006010       0x38 CMakeFiles/Oscilloscope-adc.dir/root/.pico-sdk/sdk/2.0.0/lib/tinyusb/src/tusb.c.obj
                0x10006010                tu_edpt_release
 .text.tu_edpt_validate
                0x10006048       0x7c CMakeFiles/Oscilloscope-adc.dir/root/.pico-sdk/sdk/2.0.0/lib/tinyusb/src/tusb.c.obj
                0x10006048                tu_edpt_validate
 .text.tu_edpt_bind_driver
                0x100060c4       0x34 CMakeFiles/Oscilloscope-adc.dir/root/.pico-sdk/sdk/2.0.0/lib/tinyusb/src/tusb.c.obj
                0x100060c4                tu_edpt_bind_driver
 .text.tu_fifo_config
                0x100060f8       0x6c CMakeFiles/Oscilloscope-adc.dir/root/.pico-sdk/sdk/2.0.0/lib/tinyusb/src/common/tusb_fifo.c.obj
                0x100060f8                tu_fifo_config
 .text.tu_fifo_count
                0x10006164       0x2c CMakeFiles/Oscilloscope-adc.dir/root/.pico-sdk/sdk/2.0.0/lib/tinyusb/src/common/tusb_fifo.c.obj
                0x10006164                tu_fifo_count
 .text.tu_fifo_empty
                0x10006190       0x10 CMakeFiles/Oscilloscope-adc.dir/root/.pico-sdk/sdk/2.0.0/lib/tinyusb/src/common/tusb_fifo.c.obj
                0x10006190                tu_fifo_empty
 .text.tu_fifo_remaining
                0x100061a0       0x2c CMakeFiles/Oscilloscope-adc.dir/root/.pico-sdk/sdk/2.0.0/lib/tinyusb/src/common/tusb_fifo.c.obj
                0x100061a0                tu_fifo_remaining
 .text.tu_fifo_read
                0x100061cc       0x9c CMakeFiles/Oscilloscope-adc.dir/root/.pico-sdk/sdk/2.0.0/lib/tinyusb/src/common/tusb_fifo.c.obj
                0x100061cc                tu_fifo_read
 .text.tu_fifo_read_n
                0x10006268       0xe8 CMakeFiles/Oscilloscope-adc.dir/root/.pico-sdk/sdk/2.0.0/lib/tinyusb/src/common/tusb_fifo.c.obj
                0x10006268                tu_fifo_read_n
 .text.tu_fifo_write
                0x10006350       0xa8 CMakeFiles/Oscilloscope-adc.dir/root/.pico-sdk/sdk/2.0.0/lib/tinyusb/src/common/tusb_fifo.c.obj
                0x10006350                tu_fifo_write
 .text.tu_fifo_write_n
                0x100063f8      0x178 CMakeFiles/Oscilloscope-adc.dir/root/.pico-sdk/sdk/2.0.0/lib/tinyusb/src/common/tusb_fifo.c.obj
                0x100063f8                tu_fifo_write_n
 .text.tu_fifo_clear
                0x10006570       0x40 CMakeFiles/Oscilloscope-adc.dir/root/.pico-sdk/sdk/2.0.0/lib/tinyusb/src/common/tusb_fifo.c.obj
                0x10006570                tu_fifo_clear
 .text.tu_fifo_set_overwritable
                0x100065b0       0x48 CMakeFiles/Oscilloscope-adc.dir/root/.pico-sdk/sdk/2.0.0/lib/tinyusb/src/common/tusb_fifo.c.obj
                0x100065b0                tu_fifo_set_overwritable
 .text.adc_init
                0x100065f8       0x38 CMakeFiles/Oscilloscope-adc.dir/root/.pico-sdk/sdk/2.0.0/src/rp2_common/hardware_adc/adc.c.obj
                0x100065f8                adc_init
 .text.core1_trampoline
                0x10006630        0x4 CMakeFiles/Oscilloscope-adc.dir/root/.pico-sdk/sdk/2.0.0/src/rp2_common/pico_multicore/multicore.c.obj
 .text.core1_wrapper
                0x10006634        0xc CMakeFiles/Oscilloscope-adc.dir/root/.pico-sdk/sdk/2.0.0/src/rp2_common/pico_multicore/multicore.c.obj
                0x10006634                core1_wrapper
 .text.multicore_launch_core1_raw
                0x10006640       0x84 CMakeFiles/Oscilloscope-adc.dir/root/.pico-sdk/sdk/2.0.0/src/rp2_common/pico_multicore/multicore.c.obj
                0x10006640                multicore_launch_core1_raw
 .text.multicore_launch_core1
                0x100066c4       0x58 CMakeFiles/Oscilloscope-adc.dir/root/.pico-sdk/sdk/2.0.0/src/rp2_common/pico_multicore/multicore.c.obj
                0x100066c4                multicore_launch_core1
 .text.strlen   0x1000671c       0x5c /root/.pico-sdk/toolchain/13_2_Rel1/bin/../lib/gcc/arm-none-eabi/13.2.1/../../../../arm-none-eabi/lib/thumb/v6-m/nofp/libg.a(libc_a-strlen-stub.o)
                0x1000671c                strlen
 *(.fini)
 .fini          0x10006778        0x4 /root/.pico-sdk/toolchain/13_2_Rel1/bin/../lib/gcc/arm-none-eabi/13.2.1/thumb/v6-m/nofp/crti.o
                0x10006778                _fini
 *fill*         0x1000677c        0x4 
 .fini.__stub   0x10006780       0xc0 linker stubs
 *crtbegin.o(.ctors)
 *crtbegin?.o(.ctors)
 *(EXCLUDE_FILE(*crtend.o *crtend?.o) .ctors)
 *(SORT_BY_NAME(.ctors.*))
 *(.ctors)
 *crtbegin.o(.dtors)
 *crtbegin?.o(.dtors)
 *(EXCLUDE_FILE(*crtend.o *crtend?.o) .dtors)
 *(SORT_BY_NAME(.dtors.*))
 *(.dtors)
                0x10006840                        . = ALIGN (0x4)
                0x10006840                        PROVIDE (__preinit_array_start = .)
 *(SORT_BY_NAME(.preinit_array.*))
 .preinit_array.00100
                0x10006840        0x4 CMakeFiles/Oscilloscope-adc.dir/root/.pico-sdk/sdk/2.0.0/src/rp2_common/pico_runtime_init/runtime_init.c.obj
                0x10006840                __pre_init_runtime_init_early_resets
 .preinit_array.00101
                0x10006844        0x4 CMakeFiles/Oscilloscope-adc.dir/root/.pico-sdk/sdk/2.0.0/src/rp2_common/pico_runtime_init/runtime_init.c.obj
                0x10006844                __pre_init_runtime_init_usb_power_down
 .preinit_array.00275
                0x10006848        0x4 CMakeFiles/Oscilloscope-adc.dir/root/.pico-sdk/sdk/2.0.0/src/rp2_common/pico_bit_ops/bit_ops_aeabi.S.obj
 .preinit_array.00300
                0x1000684c        0x4 CMakeFiles/Oscilloscope-adc.dir/root/.pico-sdk/sdk/2.0.0/src/rp2_common/pico_mem_ops/mem_ops_aeabi.S.obj
 .preinit_array.00350
                0x10006850        0x4 CMakeFiles/Oscilloscope-adc.dir/root/.pico-sdk/sdk/2.0.0/src/rp2_common/pico_double/double_aeabi_rp2040.S.obj
 .preinit_array.00350
                0x10006854        0x4 CMakeFiles/Oscilloscope-adc.dir/root/.pico-sdk/sdk/2.0.0/src/rp2_common/pico_float/float_aeabi_rp2040.S.obj
 .preinit_array.00500
                0x10006858        0x4 CMakeFiles/Oscilloscope-adc.dir/root/.pico-sdk/sdk/2.0.0/src/rp2_common/pico_runtime_init/runtime_init.c.obj
                0x10006858                __pre_init_runtime_init_clocks
 .preinit_array.00600
                0x1000685c        0x4 CMakeFiles/Oscilloscope-adc.dir/root/.pico-sdk/sdk/2.0.0/src/rp2_common/pico_runtime_init/runtime_init.c.obj
                0x1000685c                __pre_init_runtime_init_post_clock_resets
 .preinit_array.00700
                0x10006860        0x4 CMakeFiles/Oscilloscope-adc.dir/root/.pico-sdk/sdk/2.0.0/src/rp2_common/pico_runtime_init/runtime_init.c.obj
                0x10006860                __pre_init_runtime_init_rp2040_gpio_ie_disable
 .preinit_array.01000
                0x10006864        0x4 CMakeFiles/Oscilloscope-adc.dir/root/.pico-sdk/sdk/2.0.0/src/rp2_common/pico_runtime_init/runtime_init.c.obj
                0x10006864                __pre_init_runtime_init_spin_locks_reset
 .preinit_array.01100
                0x10006868        0x4 CMakeFiles/Oscilloscope-adc.dir/root/.pico-sdk/sdk/2.0.0/src/common/pico_sync/mutex.c.obj
                0x10006868                __pre_init_runtime_init_mutex
 .preinit_array.10080
                0x1000686c        0x4 CMakeFiles/Oscilloscope-adc.dir/root/.pico-sdk/sdk/2.0.0/src/rp2_common/pico_runtime_init/runtime_init.c.obj
                0x1000686c                __pre_init_runtime_init_install_ram_vector_table
 .preinit_array.11000
                0x10006870        0x4 CMakeFiles/Oscilloscope-adc.dir/root/.pico-sdk/sdk/2.0.0/src/common/pico_time/time.c.obj
                0x10006870                __pre_init_runtime_init_default_alarm_pool
 .preinit_array.YYYYY
                0x10006874        0x4 CMakeFiles/Oscilloscope-adc.dir/root/.pico-sdk/sdk/2.0.0/src/rp2_common/pico_runtime/runtime.c.obj
                0x10006874                __pre_init_first_per_core_initializer
 .preinit_array.ZZZZZ.01200
                0x10006878        0x4 CMakeFiles/Oscilloscope-adc.dir/root/.pico-sdk/sdk/2.0.0/src/rp2_common/hardware_irq/irq.c.obj
                0x10006878                __pre_init_runtime_init_per_core_irq_priorities
 *(.preinit_array)
                0x1000687c                        PROVIDE (__preinit_array_end = .)
                0x1000687c                        . = ALIGN (0x4)
                0x1000687c                        PROVIDE (__init_array_start = .)
 *(SORT_BY_NAME(.init_array.*))
 *(.init_array)
 .init_array    0x1000687c        0x4 /root/.pico-sdk/toolchain/13_2_Rel1/bin/../lib/gcc/arm-none-eabi/13.2.1/thumb/v6-m/nofp/crtbegin.o
 .init_array    0x10006880        0x4 CMakeFiles/Oscilloscope-adc.dir/root/.pico-sdk/sdk/2.0.0/src/rp2_common/pico_unique_id/unique_id.c.obj
                0x10006884                        PROVIDE (__init_array_end = .)
                0x10006884                        . = ALIGN (0x4)
                [!provide]                        PROVIDE (__fini_array_start = .)
 *(SORT_BY_NAME(.fini_array.*))
 *(.fini_array)
                [!provide]                        PROVIDE (__fini_array_end = .)
 *(.eh_frame*)
 .eh_frame      0x10006884        0x0 /root/.pico-sdk/toolchain/13_2_Rel1/bin/../lib/gcc/arm-none-eabi/13.2.1/thumb/v6-m/nofp/crtbegin.o
                0x10006884                        . = ALIGN (0x4)

.glue_7         0x10006884        0x0
 .glue_7        0x10006884        0x0 linker stubs

.glue_7t        0x10006884        0x0
 .glue_7t       0x10006884        0x0 linker stubs

.vfp11_veneer   0x10006884        0x0
 .vfp11_veneer  0x10006884        0x0 linker stubs

.v4_bx          0x10006884        0x0
 .v4_bx         0x10006884        0x0 linker stubs

.iplt           0x10006884        0x0
 .iplt          0x10006884        0x0 /root/.pico-sdk/toolchain/13_2_Rel1/bin/../lib/gcc/arm-none-eabi/13.2.1/thumb/v6-m/nofp/crtbegin.o

.rodata         0x10006888      0x614
 *(EXCLUDE_FILE(*libm.a: *libc.a:*lib_a-mem*.o *libgcc.a:) .rodata*)
 .rodata._Z10print_taskv.str1.4
                0x10006888      0x170 CMakeFiles/Oscilloscope-adc.dir/Oscilloscope-adc.cpp.obj
                                  0x4 (size before relaxing)
 .rodata.panic.str1.4
                0x100069f8       0x12 CMakeFiles/Oscilloscope-adc.dir/root/.pico-sdk/sdk/2.0.0/src/rp2_common/pico_platform_panic/panic.c.obj
 .rodata.spin_lock_claim_unused.str1.4
                0x100069f8       0x1b CMakeFiles/Oscilloscope-adc.dir/root/.pico-sdk/sdk/2.0.0/src/rp2_common/hardware_sync/sync.c.obj
 .rodata.user_irq_claim_unused.str1.4
                0x100069f8       0x1b CMakeFiles/Oscilloscope-adc.dir/root/.pico-sdk/sdk/2.0.0/src/rp2_common/hardware_irq/irq.c.obj
 .rodata.timer_hardware_alarm_claim.str1.4
                0x100069f8       0x22 CMakeFiles/Oscilloscope-adc.dir/root/.pico-sdk/sdk/2.0.0/src/rp2_common/hardware_timer/timer.c.obj
 .rodata.hard_assertion_failure.str1.4
                0x100069f8        0xc CMakeFiles/Oscilloscope-adc.dir/root/.pico-sdk/sdk/2.0.0/src/rp2_common/pico_runtime/runtime.c.obj
 .rodata.str1.4
                0x100069f8       0x3c CMakeFiles/Oscilloscope-adc.dir/root/.pico-sdk/sdk/2.0.0/src/rp2_common/pico_standard_binary_info/standard_binary_info.c.obj
 .rodata.__bi_84
                0x100069f8        0xc CMakeFiles/Oscilloscope-adc.dir/root/.pico-sdk/sdk/2.0.0/src/rp2_common/pico_standard_binary_info/standard_binary_info.c.obj
 .rodata.__bi_60
                0x10006a04        0xc CMakeFiles/Oscilloscope-adc.dir/root/.pico-sdk/sdk/2.0.0/src/rp2_common/pico_standard_binary_info/standard_binary_info.c.obj
 .rodata.__bi_54
                0x10006a10        0xc CMakeFiles/Oscilloscope-adc.dir/root/.pico-sdk/sdk/2.0.0/src/rp2_common/pico_standard_binary_info/standard_binary_info.c.obj
 .rodata.__bi_48
                0x10006a1c        0xc CMakeFiles/Oscilloscope-adc.dir/root/.pico-sdk/sdk/2.0.0/src/rp2_common/pico_standard_binary_info/standard_binary_info.c.obj
 .rodata.__bi_42
                0x10006a28        0xc CMakeFiles/Oscilloscope-adc.dir/root/.pico-sdk/sdk/2.0.0/src/rp2_common/pico_standard_binary_info/standard_binary_info.c.obj
 .rodata.__bi_34
                0x10006a34        0xc CMakeFiles/Oscilloscope-adc.dir/root/.pico-sdk/sdk/2.0.0/src/rp2_common/pico_standard_binary_info/standard_binary_info.c.obj
 .rodata.__bi_26
                0x10006a40        0xc CMakeFiles/Oscilloscope-adc.dir/root/.pico-sdk/sdk/2.0.0/src/rp2_common/pico_standard_binary_info/standard_binary_info.c.obj
 .rodata._ftoa.str1.4
                0x10006a4c       0x15 CMakeFiles/Oscilloscope-adc.dir/root/.pico-sdk/sdk/2.0.0/src/rp2_common/pico_printf/printf.c.obj
 .rodata._vsnprintf
                0x10006a4c      0x19c CMakeFiles/Oscilloscope-adc.dir/root/.pico-sdk/sdk/2.0.0/src/rp2_common/pico_printf/printf.c.obj
 .rodata.pow10.0
                0x10006be8       0x50 CMakeFiles/Oscilloscope-adc.dir/root/.pico-sdk/sdk/2.0.0/src/rp2_common/pico_printf/printf.c.obj
 .rodata.crlf_str.0
                0x10006c38        0x2 CMakeFiles/Oscilloscope-adc.dir/root/.pico-sdk/sdk/2.0.0/src/rp2_common/pico_stdio/stdio.c.obj
 *fill*         0x10006c3a        0x2 
 .rodata._resetd_driver
                0x10006c3c       0x20 CMakeFiles/Oscilloscope-adc.dir/root/.pico-sdk/sdk/2.0.0/src/rp2_common/pico_stdio_usb/reset_interface.c.obj
 .rodata.desc_ms_os_20
                0x10006c5c       0xa6 CMakeFiles/Oscilloscope-adc.dir/root/.pico-sdk/sdk/2.0.0/src/rp2_common/pico_stdio_usb/reset_interface.c.obj
 *fill*         0x10006d02        0x2 
 .rodata.desc_bos
                0x10006d04       0x21 CMakeFiles/Oscilloscope-adc.dir/root/.pico-sdk/sdk/2.0.0/src/rp2_common/pico_stdio_usb/reset_interface.c.obj
                0x10006d04                desc_bos
 .rodata.str1.4
                0x10006d25       0x13 CMakeFiles/Oscilloscope-adc.dir/root/.pico-sdk/sdk/2.0.0/src/rp2_common/pico_stdio_usb/stdio_usb.c.obj
 *fill*         0x10006d25        0x3 
 .rodata.__bi_197.0
                0x10006d28        0xc CMakeFiles/Oscilloscope-adc.dir/root/.pico-sdk/sdk/2.0.0/src/rp2_common/pico_stdio_usb/stdio_usb.c.obj
 .rodata.str1.4
                0x10006d34       0x2a CMakeFiles/Oscilloscope-adc.dir/root/.pico-sdk/sdk/2.0.0/src/rp2_common/pico_stdio_usb/stdio_usb_descriptors.c.obj
 .rodata.usbd_desc_str
                0x10006d34       0x18 CMakeFiles/Oscilloscope-adc.dir/root/.pico-sdk/sdk/2.0.0/src/rp2_common/pico_stdio_usb/stdio_usb_descriptors.c.obj
 .rodata.usbd_desc_cfg
                0x10006d4c       0x54 CMakeFiles/Oscilloscope-adc.dir/root/.pico-sdk/sdk/2.0.0/src/rp2_common/pico_stdio_usb/stdio_usb_descriptors.c.obj
 .rodata.usbd_desc_device
                0x10006da0       0x12 CMakeFiles/Oscilloscope-adc.dir/root/.pico-sdk/sdk/2.0.0/src/rp2_common/pico_stdio_usb/stdio_usb_descriptors.c.obj
 .rodata.str1.4
                0x10006db2       0x14 CMakeFiles/Oscilloscope-adc.dir/root/.pico-sdk/sdk/2.0.0/lib/tinyusb/src/portable/raspberrypi/rp2040/dcd_rp2040.c.obj
 .rodata.str1.4
                0x10006db2       0x48 CMakeFiles/Oscilloscope-adc.dir/root/.pico-sdk/sdk/2.0.0/lib/tinyusb/src/portable/raspberrypi/rp2040/rp2040_usb.c.obj
 *fill*         0x10006db2        0x2 
 .rodata.tud_task_ext
                0x10006db4       0x8c CMakeFiles/Oscilloscope-adc.dir/root/.pico-sdk/sdk/2.0.0/lib/tinyusb/src/device/usbd.c.obj
 .rodata        0x10006e40       0x1c CMakeFiles/Oscilloscope-adc.dir/root/.pico-sdk/sdk/2.0.0/lib/tinyusb/src/device/usbd.c.obj
 .rodata._usbd_driver
                0x10006e5c       0x40 CMakeFiles/Oscilloscope-adc.dir/root/.pico-sdk/sdk/2.0.0/lib/tinyusb/src/device/usbd.c.obj
                0x10006e9c                        . = ALIGN (0x4)
 *(SORT_BY_ALIGNMENT(SORT_BY_NAME(.flashdata*)))
                0x10006e9c                        . = ALIGN (0x4)

.ARM.extab
 *(.ARM.extab* .gnu.linkonce.armextab.*)
                0x10006e9c                        __exidx_start = .

.ARM.exidx
 *(.ARM.exidx* .gnu.linkonce.armexidx.*)
                0x10006e9c                        __exidx_end = .
                0x10006e9c                        . = ALIGN (0x4)
                0x10006e9c                        __binary_info_start = .

.binary_info    0x10006e9c       0x20
 *(.binary_info.keep.*)
 .binary_info.keep.__bi_ptr84
                0x10006e9c        0x4 CMakeFiles/Oscilloscope-adc.dir/root/.pico-sdk/sdk/2.0.0/src/rp2_common/pico_standard_binary_info/standard_binary_info.c.obj
 .binary_info.keep.__bi_ptr60
                0x10006ea0        0x4 CMakeFiles/Oscilloscope-adc.dir/root/.pico-sdk/sdk/2.0.0/src/rp2_common/pico_standard_binary_info/standard_binary_info.c.obj
 .binary_info.keep.__bi_ptr54
                0x10006ea4        0x4 CMakeFiles/Oscilloscope-adc.dir/root/.pico-sdk/sdk/2.0.0/src/rp2_common/pico_standard_binary_info/standard_binary_info.c.obj
 .binary_info.keep.__bi_ptr48
                0x10006ea8        0x4 CMakeFiles/Oscilloscope-adc.dir/root/.pico-sdk/sdk/2.0.0/src/rp2_common/pico_standard_binary_info/standard_binary_info.c.obj
 .binary_info.keep.__bi_ptr42
                0x10006eac        0x4 CMakeFiles/Oscilloscope-adc.dir/root/.pico-sdk/sdk/2.0.0/src/rp2_common/pico_standard_binary_info/standard_binary_info.c.obj
 .binary_info.keep.__bi_ptr34
                0x10006eb0        0x4 CMakeFiles/Oscilloscope-adc.dir/root/.pico-sdk/sdk/2.0.0/src/rp2_common/pico_standard_binary_info/standard_binary_info.c.obj
 .binary_info.keep.__bi_ptr26
                0x10006eb4        0x4 CMakeFiles/Oscilloscope-adc.dir/root/.pico-sdk/sdk/2.0.0/src/rp2_common/pico_standard_binary_info/standard_binary_info.c.obj
 *(.binary_info.*)
 .binary_info.__bi_ptr197
                0x10006eb8        0x4 CMakeFiles/Oscilloscope-adc.dir/root/.pico-sdk/sdk/2.0.0/src/rp2_common/pico_stdio_usb/stdio_usb.c.obj
                0x10006ebc                        __binary_info_end = .

.rel.dyn        0x10006ebc        0x0
 .rel.iplt      0x10006ebc        0x0 /root/.pico-sdk/toolchain/13_2_Rel1/bin/../lib/gcc/arm-none-eabi/13.2.1/thumb/v6-m/nofp/crtbegin.o
                0x10006ebc                        . = ALIGN (0x4)

.ram_vector_table
                0x20000000       0xc0
 *(.ram_vector_table)
 .ram_vector_table
                0x20000000       0xc0 CMakeFiles/Oscilloscope-adc.dir/root/.pico-sdk/sdk/2.0.0/src/rp2_common/pico_runtime_init/runtime_init.c.obj
                0x20000000                ram_vector_table

.uninitialized_data
                0x200000c0        0x0
                0x200000c0                        . = ALIGN (0x4)
 *(.uninitialized_data*)

.data           0x200000c0      0xfa8 load address 0x10006ebc
                0x200000c0                        __data_start__ = .
 *(vtable)
 *(.time_critical*)
 .time_critical.mutex_try_enter
                0x200000c0       0x40 CMakeFiles/Oscilloscope-adc.dir/root/.pico-sdk/sdk/2.0.0/src/common/pico_sync/mutex.c.obj
                0x200000c0                mutex_try_enter
 .time_critical.mutex_try_enter_block_until
                0x20000100       0x9c CMakeFiles/Oscilloscope-adc.dir/root/.pico-sdk/sdk/2.0.0/src/common/pico_sync/mutex.c.obj
                0x20000100                mutex_try_enter_block_until
 .time_critical.mutex_enter_timeout_ms
                0x2000019c       0x90 CMakeFiles/Oscilloscope-adc.dir/root/.pico-sdk/sdk/2.0.0/src/common/pico_sync/mutex.c.obj
                0x2000019c                mutex_enter_timeout_ms
 .time_critical.mutex_exit
                0x2000022c       0x28 CMakeFiles/Oscilloscope-adc.dir/root/.pico-sdk/sdk/2.0.0/src/common/pico_sync/mutex.c.obj
                0x2000022c                mutex_exit
 .time_critical.flash_init_boot2_copyout
                0x20000254       0x30 CMakeFiles/Oscilloscope-adc.dir/root/.pico-sdk/sdk/2.0.0/src/rp2_common/hardware_flash/flash.c.obj
 .time_critical.flash_enable_xip_via_boot2
                0x20000284        0xc CMakeFiles/Oscilloscope-adc.dir/root/.pico-sdk/sdk/2.0.0/src/rp2_common/hardware_flash/flash.c.obj
 .time_critical.flash_cs_force
                0x20000290       0x38 CMakeFiles/Oscilloscope-adc.dir/root/.pico-sdk/sdk/2.0.0/src/rp2_common/hardware_flash/flash.c.obj
 .time_critical.flash_do_cmd
                0x200002c8       0xc0 CMakeFiles/Oscilloscope-adc.dir/root/.pico-sdk/sdk/2.0.0/src/rp2_common/hardware_flash/flash.c.obj
                0x200002c8                flash_do_cmd
 .time_critical.reset_non_control_endpoints
                0x20000388       0x68 CMakeFiles/Oscilloscope-adc.dir/root/.pico-sdk/sdk/2.0.0/lib/tinyusb/src/portable/raspberrypi/rp2040/dcd_rp2040.c.obj
 .time_critical.hw_handle_buff_status
                0x200003f0       0xb0 CMakeFiles/Oscilloscope-adc.dir/root/.pico-sdk/sdk/2.0.0/lib/tinyusb/src/portable/raspberrypi/rp2040/dcd_rp2040.c.obj
 .time_critical.dcd_rp2040_irq
                0x200004a0      0x578 CMakeFiles/Oscilloscope-adc.dir/root/.pico-sdk/sdk/2.0.0/lib/tinyusb/src/portable/raspberrypi/rp2040/dcd_rp2040.c.obj
 .time_critical.prepare_ep_buffer
                0x20000a18       0xe0 CMakeFiles/Oscilloscope-adc.dir/root/.pico-sdk/sdk/2.0.0/lib/tinyusb/src/portable/raspberrypi/rp2040/rp2040_usb.c.obj
 .time_critical.sync_ep_buffer
                0x20000af8       0xa8 CMakeFiles/Oscilloscope-adc.dir/root/.pico-sdk/sdk/2.0.0/lib/tinyusb/src/portable/raspberrypi/rp2040/rp2040_usb.c.obj
 .time_critical._hw_endpoint_xfer_sync
                0x20000ba0       0x28 CMakeFiles/Oscilloscope-adc.dir/root/.pico-sdk/sdk/2.0.0/lib/tinyusb/src/portable/raspberrypi/rp2040/rp2040_usb.c.obj
 .time_critical.e15_is_bulkin_ep
                0x20000bc8       0x28 CMakeFiles/Oscilloscope-adc.dir/root/.pico-sdk/sdk/2.0.0/lib/tinyusb/src/portable/raspberrypi/rp2040/rp2040_usb.c.obj
 .time_critical.e15_is_critical_frame_period
                0x20000bf0       0x34 CMakeFiles/Oscilloscope-adc.dir/root/.pico-sdk/sdk/2.0.0/lib/tinyusb/src/portable/raspberrypi/rp2040/rp2040_usb.c.obj
 .time_critical.hw_endpoint_reset_transfer
                0x20000c24        0xc CMakeFiles/Oscilloscope-adc.dir/root/.pico-sdk/sdk/2.0.0/lib/tinyusb/src/portable/raspberrypi/rp2040/rp2040_usb.c.obj
                0x20000c24                hw_endpoint_reset_transfer
 .time_critical._hw_endpoint_buffer_control_update32
                0x20000c30       0x50 CMakeFiles/Oscilloscope-adc.dir/root/.pico-sdk/sdk/2.0.0/lib/tinyusb/src/portable/raspberrypi/rp2040/rp2040_usb.c.obj
                0x20000c30                _hw_endpoint_buffer_control_update32
 .time_critical.hw_endpoint_start_next_buffer
                0x20000c80       0x6c CMakeFiles/Oscilloscope-adc.dir/root/.pico-sdk/sdk/2.0.0/lib/tinyusb/src/portable/raspberrypi/rp2040/rp2040_usb.c.obj
                0x20000c80                hw_endpoint_start_next_buffer
 .time_critical.hw_endpoint_xfer_continue
                0x20000cec       0x40 CMakeFiles/Oscilloscope-adc.dir/root/.pico-sdk/sdk/2.0.0/lib/tinyusb/src/portable/raspberrypi/rp2040/rp2040_usb.c.obj
                0x20000cec                hw_endpoint_xfer_continue
 .time_critical.tinyusb
                0x20000d2c      0x1e4 CMakeFiles/Oscilloscope-adc.dir/root/.pico-sdk/sdk/2.0.0/lib/tinyusb/src/device/usbd.c.obj
                0x20000d2c                dcd_event_handler
 *(.text*)
 .text          0x20000f10        0x4 /root/.pico-sdk/toolchain/13_2_Rel1/bin/../lib/gcc/arm-none-eabi/13.2.1/thumb/v6-m/nofp/libgcc.a(_dvmd_tls.o)
                0x20000f10                __aeabi_ldiv0
                0x20000f10                __aeabi_idiv0
 *fill*         0x20000f14        0x4 
 .text.__stub   0x20000f18       0x80 linker stubs
                0x20000f98                        . = ALIGN (0x4)
 *(.rodata*)
                0x20000f98                        . = ALIGN (0x4)
 *(.data*)
 .data.striped_spin_lock_num
                0x20000f98        0x1 CMakeFiles/Oscilloscope-adc.dir/root/.pico-sdk/sdk/2.0.0/src/rp2_common/hardware_sync/sync.c.obj
 *fill*         0x20000f99        0x3 
 .data          0x20000f9c       0x48 CMakeFiles/Oscilloscope-adc.dir/root/.pico-sdk/sdk/2.0.0/src/rp2_common/hardware_irq/irq_handler_chain.S.obj
                0x20000f9c                irq_handler_chain_slots
                0x20000fcc                irq_handler_chain_first_slot
                0x20000fd6                irq_handler_chain_remove_tail
 .data.default_alarm_pool
                0x20000fe4       0x18 CMakeFiles/Oscilloscope-adc.dir/root/.pico-sdk/sdk/2.0.0/src/common/pico_time/time.c.obj
 *fill*         0x20000ffc        0x4 
 .data.aeabi_bits_funcs
                0x20001000       0x10 CMakeFiles/Oscilloscope-adc.dir/root/.pico-sdk/sdk/2.0.0/src/rp2_common/pico_bit_ops/bit_ops_aeabi.S.obj
                0x20001000                aeabi_bits_funcs
                0x20001010                aeabi_bits_funcs_end
 .data.aeabi_mem_funcs
                0x20001010       0x10 CMakeFiles/Oscilloscope-adc.dir/root/.pico-sdk/sdk/2.0.0/src/rp2_common/pico_mem_ops/mem_ops_aeabi.S.obj
                0x20001010                aeabi_mem_funcs
                0x20001020                aeabi_mem_funcs_end
 .data.stdio_usb
                0x20001020       0x18 CMakeFiles/Oscilloscope-adc.dir/root/.pico-sdk/sdk/2.0.0/src/rp2_common/pico_stdio_usb/stdio_usb.c.obj
                0x20001020                stdio_usb
 .data._usbd_qdef
                0x20001038       0x1c CMakeFiles/Oscilloscope-adc.dir/root/.pico-sdk/sdk/2.0.0/lib/tinyusb/src/device/usbd.c.obj
                0x20001038                _usbd_qdef
 .data._usbd_rhport
                0x20001054        0x1 CMakeFiles/Oscilloscope-adc.dir/root/.pico-sdk/sdk/2.0.0/lib/tinyusb/src/device/usbd.c.obj
                0x20001058                        . = ALIGN (0x4)
 *fill*         0x20001055        0x3 
 *(.after_data.*)
                0x20001058                        . = ALIGN (0x4)
                0x20001058                        PROVIDE (__mutex_array_start = .)
 *(SORT_BY_NAME(.mutex_array.*))
 *(.mutex_array)
 .mutex_array   0x20001058        0x8 CMakeFiles/Oscilloscope-adc.dir/root/.pico-sdk/sdk/2.0.0/src/rp2_common/pico_malloc/malloc.c.obj
 .mutex_array   0x20001060        0x8 CMakeFiles/Oscilloscope-adc.dir/root/.pico-sdk/sdk/2.0.0/src/rp2_common/pico_stdio/stdio.c.obj
                0x20001068                        PROVIDE (__mutex_array_end = .)
                0x20001068                        . = ALIGN (0x4)
 *(.jcr)
                0x20001068                        . = ALIGN (0x4)

.tm_clone_table
                0x20001068        0x0 load address 0x10007e64
 .tm_clone_table
                0x20001068        0x0 /root/.pico-sdk/toolchain/13_2_Rel1/bin/../lib/gcc/arm-none-eabi/13.2.1/thumb/v6-m/nofp/crtbegin.o
 .tm_clone_table
                0x20001068        0x0 /root/.pico-sdk/toolchain/13_2_Rel1/bin/../lib/gcc/arm-none-eabi/13.2.1/thumb/v6-m/nofp/crtend.o

.igot.plt       0x20001068        0x0 load address 0x10007e64
 .igot.plt      0x20001068        0x0 /root/.pico-sdk/toolchain/13_2_Rel1/bin/../lib/gcc/arm-none-eabi/13.2.1/thumb/v6-m/nofp/crtbegin.o

.tdata          0x20001068        0x0 load address 0x10007e64
                0x20001068                        . = ALIGN (0x4)
 *(.tdata .tdata.* .gnu.linkonce.td.*)
                0x20001068                        __tdata_end = .
                0x20001068                        PROVIDE (__data_end__ = .)
                0x10006ebc                        __etext = LOADADDR (.data)

.tbss           0x20001068        0x0 load address 0x10007e64
                0x20001068                        . = ALIGN (0x4)
                0x20001068                        __bss_start__ = .
                0x20001068                        __tls_base = .
 *(.tbss .tbss.* .gnu.linkonce.tb.*)
 *(.tcommon)
                0x20001068                        __tls_end = .

.bss            0x20001068     0x10dc load address 0x10007e64
                0x20001068                        . = ALIGN (0x4)
                0x20001068                        __tbss_end = .
 *(SORT_BY_ALIGNMENT(SORT_BY_NAME(.bss*)))
 .bss._vendord_itf
                0x20001068      0x2bc CMakeFiles/Oscilloscope-adc.dir/root/.pico-sdk/sdk/2.0.0/lib/tinyusb/src/class/vendor/vendor_device.c.obj
 *fill*         0x20001324        0x4 
 .bss.default_alarm_pool_entries
                0x20001328      0x180 CMakeFiles/Oscilloscope-adc.dir/root/.pico-sdk/sdk/2.0.0/src/common/pico_time/time.c.obj
 .bss.last_avail_time.1
                0x200014a8        0x8 CMakeFiles/Oscilloscope-adc.dir/root/.pico-sdk/sdk/2.0.0/src/rp2_common/pico_stdio_usb/stdio_usb.c.obj
 .bss.sd_table  0x200014b0      0x100 CMakeFiles/Oscilloscope-adc.dir/root/.pico-sdk/sdk/2.0.0/src/rp2_common/pico_double/double_init_rom_rp2040.c.obj
                0x200014b0                sd_table
 .bss.sf_table  0x200015b0      0x100 CMakeFiles/Oscilloscope-adc.dir/root/.pico-sdk/sdk/2.0.0/src/rp2_common/pico_float/float_init_rom_rp2040.c.obj
                0x200015b0                sf_table
 .bss._app_driver
                0x200016b0        0x4 CMakeFiles/Oscilloscope-adc.dir/root/.pico-sdk/sdk/2.0.0/lib/tinyusb/src/device/usbd.c.obj
 .bss._cdcd_fifo_cfg
                0x200016b4        0x1 CMakeFiles/Oscilloscope-adc.dir/root/.pico-sdk/sdk/2.0.0/lib/tinyusb/src/class/cdc/cdc_device.c.obj
 *fill*         0x200016b5        0x3 
 .bss._cdcd_itf
                0x200016b8      0x2c8 CMakeFiles/Oscilloscope-adc.dir/root/.pico-sdk/sdk/2.0.0/lib/tinyusb/src/class/cdc/cdc_device.c.obj
 .bss._ctrl_xfer
                0x20001980       0x14 CMakeFiles/Oscilloscope-adc.dir/root/.pico-sdk/sdk/2.0.0/lib/tinyusb/src/device/usbd_control.c.obj
 .bss._ubsd_mutexdef
                0x20001994        0x8 CMakeFiles/Oscilloscope-adc.dir/root/.pico-sdk/sdk/2.0.0/lib/tinyusb/src/device/usbd.c.obj
 .bss._usbd_ctrl_buf
                0x2000199c       0x40 CMakeFiles/Oscilloscope-adc.dir/root/.pico-sdk/sdk/2.0.0/lib/tinyusb/src/device/usbd_control.c.obj
 .bss._usbd_dev
                0x200019dc       0x54 CMakeFiles/Oscilloscope-adc.dir/root/.pico-sdk/sdk/2.0.0/lib/tinyusb/src/device/usbd.c.obj
 .bss._usbd_mutex
                0x20001a30        0x4 CMakeFiles/Oscilloscope-adc.dir/root/.pico-sdk/sdk/2.0.0/lib/tinyusb/src/device/usbd.c.obj
 .bss._usbd_q   0x20001a34        0x4 CMakeFiles/Oscilloscope-adc.dir/root/.pico-sdk/sdk/2.0.0/lib/tinyusb/src/device/usbd.c.obj
 .bss._usbd_qdef_buf
                0x20001a38       0xc0 CMakeFiles/Oscilloscope-adc.dir/root/.pico-sdk/sdk/2.0.0/lib/tinyusb/src/device/usbd.c.obj
                0x20001a38                _usbd_qdef_buf
 .bss.boot2_copyout
                0x20001af8      0x100 CMakeFiles/Oscilloscope-adc.dir/root/.pico-sdk/sdk/2.0.0/src/rp2_common/hardware_flash/flash.c.obj
 .bss.buffer_1  0x20001bf8       0x32 CMakeFiles/Oscilloscope-adc.dir/Oscilloscope-adc.cpp.obj
                0x20001bf8                buffer_1
 *fill*         0x20001c2a        0x2 
 .bss.buffer_2  0x20001c2c       0x32 CMakeFiles/Oscilloscope-adc.dir/Oscilloscope-adc.cpp.obj
                0x20001c2c                buffer_2
 *fill*         0x20001c5e        0x2 
 .bss.buffer_index_1
                0x20001c60        0x4 CMakeFiles/Oscilloscope-adc.dir/Oscilloscope-adc.cpp.obj
                0x20001c60                buffer_index_1
 .bss.buffer_index_2
                0x20001c64        0x4 CMakeFiles/Oscilloscope-adc.dir/Oscilloscope-adc.cpp.obj
                0x20001c64                buffer_index_2
 .bss.chars_available_callback
                0x20001c68        0x4 CMakeFiles/Oscilloscope-adc.dir/root/.pico-sdk/sdk/2.0.0/src/rp2_common/pico_stdio_usb/stdio_usb.c.obj
 .bss.chars_available_param
                0x20001c6c        0x4 CMakeFiles/Oscilloscope-adc.dir/root/.pico-sdk/sdk/2.0.0/src/rp2_common/pico_stdio_usb/stdio_usb.c.obj
 .bss.claimed   0x20001c70        0x4 CMakeFiles/Oscilloscope-adc.dir/root/.pico-sdk/sdk/2.0.0/src/rp2_common/hardware_sync/sync.c.obj
 .bss.claimed   0x20001c74        0x1 CMakeFiles/Oscilloscope-adc.dir/root/.pico-sdk/sdk/2.0.0/src/rp2_common/hardware_timer/timer.c.obj
 *fill*         0x20001c75        0x3 
 .bss.configured_freq
                0x20001c78       0x28 CMakeFiles/Oscilloscope-adc.dir/root/.pico-sdk/sdk/2.0.0/src/rp2_common/hardware_clocks/clocks.c.obj
 .bss.desc_str.0
                0x20001ca0       0x28 CMakeFiles/Oscilloscope-adc.dir/root/.pico-sdk/sdk/2.0.0/src/rp2_common/pico_stdio_usb/stdio_usb_descriptors.c.obj
 .bss.drivers   0x20001cc8        0x4 CMakeFiles/Oscilloscope-adc.dir/root/.pico-sdk/sdk/2.0.0/src/rp2_common/pico_stdio/stdio.c.obj
 .bss.e15_last_sof
                0x20001ccc        0x4 CMakeFiles/Oscilloscope-adc.dir/root/.pico-sdk/sdk/2.0.0/lib/tinyusb/src/portable/raspberrypi/rp2040/rp2040_usb.c.obj
                0x20001ccc                e15_last_sof
 .bss.filter    0x20001cd0        0x4 CMakeFiles/Oscilloscope-adc.dir/root/.pico-sdk/sdk/2.0.0/src/rp2_common/pico_stdio/stdio.c.obj
 .bss.hw_endpoints
                0x20001cd4      0x400 CMakeFiles/Oscilloscope-adc.dir/root/.pico-sdk/sdk/2.0.0/lib/tinyusb/src/portable/raspberrypi/rp2040/dcd_rp2040.c.obj
 .bss.lazy_vsnprintf
                0x200020d4        0x4 CMakeFiles/Oscilloscope-adc.dir/root/.pico-sdk/sdk/2.0.0/src/rp2_common/pico_printf/printf.c.obj
 .bss.load_value
                0x200020d8        0x4 CMakeFiles/Oscilloscope-adc.dir/root/.pico-sdk/sdk/2.0.0/src/rp2_common/hardware_watchdog/watchdog.c.obj
 .bss.next_buffer_ptr
                0x200020dc        0x4 CMakeFiles/Oscilloscope-adc.dir/root/.pico-sdk/sdk/2.0.0/lib/tinyusb/src/portable/raspberrypi/rp2040/dcd_rp2040.c.obj
 .bss.object.0  0x200020e0       0x18 /root/.pico-sdk/toolchain/13_2_Rel1/bin/../lib/gcc/arm-none-eabi/13.2.1/thumb/v6-m/nofp/crtbegin.o
 .bss.one_shot_timer_crit_sec
                0x200020f8        0x8 CMakeFiles/Oscilloscope-adc.dir/root/.pico-sdk/sdk/2.0.0/src/rp2_common/pico_stdio_usb/stdio_usb.c.obj
 .bss.pools     0x20002100       0x10 CMakeFiles/Oscilloscope-adc.dir/root/.pico-sdk/sdk/2.0.0/src/common/pico_time/time.c.obj
 .bss.retrieved_id
                0x20002110        0x8 CMakeFiles/Oscilloscope-adc.dir/root/.pico-sdk/sdk/2.0.0/src/rp2_common/pico_unique_id/unique_id.c.obj
 .bss.sf_clz_func
                0x20002118        0x4 CMakeFiles/Oscilloscope-adc.dir/root/.pico-sdk/sdk/2.0.0/src/rp2_common/pico_double/double_init_rom_rp2040.c.obj
                0x20002118                sf_clz_func
 .bss.sleep_notifier
                0x2000211c        0x4 CMakeFiles/Oscilloscope-adc.dir/root/.pico-sdk/sdk/2.0.0/src/common/pico_time/time.c.obj
 .bss.stdio_usb_mutex
                0x20002120        0x8 CMakeFiles/Oscilloscope-adc.dir/root/.pico-sdk/sdk/2.0.0/src/rp2_common/pico_stdio_usb/stdio_usb.c.obj
 .bss.usbd_serial_str
                0x20002128       0x11 CMakeFiles/Oscilloscope-adc.dir/root/.pico-sdk/sdk/2.0.0/src/rp2_common/pico_stdio_usb/stdio_usb_descriptors.c.obj
 .bss._app_driver_count
                0x20002139        0x1 CMakeFiles/Oscilloscope-adc.dir/root/.pico-sdk/sdk/2.0.0/lib/tinyusb/src/device/usbd.c.obj
 .bss._sof_enable
                0x2000213a        0x1 CMakeFiles/Oscilloscope-adc.dir/root/.pico-sdk/sdk/2.0.0/lib/tinyusb/src/portable/raspberrypi/rp2040/dcd_rp2040.c.obj
 .bss._usbd_queued_setup
                0x2000213b        0x1 CMakeFiles/Oscilloscope-adc.dir/root/.pico-sdk/sdk/2.0.0/lib/tinyusb/src/device/usbd.c.obj
 .bss.boot2_copyout_valid
                0x2000213c        0x1 CMakeFiles/Oscilloscope-adc.dir/root/.pico-sdk/sdk/2.0.0/src/rp2_common/hardware_flash/flash.c.obj
 .bss.buffer_1_ready_4_print
                0x2000213d        0x1 CMakeFiles/Oscilloscope-adc.dir/Oscilloscope-adc.cpp.obj
                0x2000213d                buffer_1_ready_4_print
 .bss.buffer_2_ready_4_print
                0x2000213e        0x1 CMakeFiles/Oscilloscope-adc.dir/Oscilloscope-adc.cpp.obj
                0x2000213e                buffer_2_ready_4_print
 .bss.irq_handler_chain_free_slot_head
                0x2000213f        0x1 CMakeFiles/Oscilloscope-adc.dir/root/.pico-sdk/sdk/2.0.0/src/rp2_common/hardware_irq/irq.c.obj
 .bss.itf_num   0x20002140        0x1 CMakeFiles/Oscilloscope-adc.dir/root/.pico-sdk/sdk/2.0.0/src/rp2_common/pico_stdio_usb/reset_interface.c.obj
 .bss.low_priority_irq_num
                0x20002141        0x1 CMakeFiles/Oscilloscope-adc.dir/root/.pico-sdk/sdk/2.0.0/src/rp2_common/pico_stdio_usb/stdio_usb.c.obj
 .bss.one_shot_timer_pending
                0x20002142        0x1 CMakeFiles/Oscilloscope-adc.dir/root/.pico-sdk/sdk/2.0.0/src/rp2_common/pico_stdio_usb/stdio_usb.c.obj
 .bss.user_irq_claimed
                0x20002143        0x1 CMakeFiles/Oscilloscope-adc.dir/root/.pico-sdk/sdk/2.0.0/src/rp2_common/hardware_irq/irq.c.obj
 *(COMMON)
                0x20002144                        . = ALIGN (0x4)
                0x20002144                        __bss_end__ = .

.heap           0x20002144    0x3debc load address 0x10007e64
                0x20002144                        __end__ = .
                0x20002144                        end = __end__
 *(.heap*)
 .heap          0x20002144      0x800 CMakeFiles/Oscilloscope-adc.dir/root/.pico-sdk/sdk/2.0.0/src/rp2_common/pico_crt0/crt0.S.obj
                0x20040000                        . = (ORIGIN (RAM) + LENGTH (RAM))
 *fill*         0x20002944    0x3d6bc 
                0x20040000                        __HeapLimit = .

.scratch_x      0x20040000        0x0 load address 0x10007e64
                0x20040000                        __scratch_x_start__ = .
 *(.scratch_x.*)
                0x20040000                        . = ALIGN (0x4)
                0x20040000                        __scratch_x_end__ = .
                0x10007e64                        __scratch_x_source__ = LOADADDR (.scratch_x)

.scratch_y      0x20041000        0x0 load address 0x10007e64
                0x20041000                        __scratch_y_start__ = .
 *(.scratch_y.*)
                0x20041000                        . = ALIGN (0x4)
                0x20041000                        __scratch_y_end__ = .
                0x10007e64                        __scratch_y_source__ = LOADADDR (.scratch_y)

.stack1_dummy   0x20040000      0x800
 *(.stack1*)
 .stack1        0x20040000      0x800 CMakeFiles/Oscilloscope-adc.dir/root/.pico-sdk/sdk/2.0.0/src/rp2_common/pico_multicore/multicore.c.obj

.stack_dummy    0x20041000      0x800
 *(.stack*)
 .stack         0x20041000      0x800 CMakeFiles/Oscilloscope-adc.dir/root/.pico-sdk/sdk/2.0.0/src/rp2_common/pico_crt0/crt0.S.obj

.flash_end      0x10007e64        0x0
 *(.embedded_end_block*)
                0x10007e64                        PROVIDE (__flash_binary_end = .)
                0x20040000                        __StackLimit = (ORIGIN (RAM) + LENGTH (RAM))
                0x20041000                        __StackOneTop = (ORIGIN (SCRATCH_X) + LENGTH (SCRATCH_X))
                0x20042000                        __StackTop = (ORIGIN (SCRATCH_Y) + LENGTH (SCRATCH_Y))
                0x20040800                        __StackOneBottom = (__StackOneTop - SIZEOF (.stack1_dummy))
                0x20041800                        __StackBottom = (__StackTop - SIZEOF (.stack_dummy))
                0x20042000                        PROVIDE (__stack = __StackTop)
                [!provide]                        PROVIDE (__heap_start = __end__)
                [!provide]                        PROVIDE (__heap_end = __HeapLimit)
                [!provide]                        PROVIDE (__tls_align = MAX (ALIGNOF (.tdata), ALIGNOF (.tbss)))
                [!provide]                        PROVIDE (__tls_size_align = (((__tls_size + __tls_align) - 0x1) & ~ ((__tls_align - 0x1))))
                [!provide]                        PROVIDE (__arm32_tls_tcb_offset = MAX (0x8, __tls_align))
                [!provide]                        PROVIDE (_end = __end__)
                [!provide]                        PROVIDE (__llvm_libc_heap_limit = __HeapLimit)
                0x00000001                        ASSERT ((__StackLimit >= __HeapLimit), region RAM overflowed)
                0x00000001                        ASSERT (((__binary_info_header_end - __logical_binary_start) <= 0x100), Binary info must be in first 256 bytes of the binary)
LOAD CMakeFiles/Oscilloscope-adc.dir/Oscilloscope-adc.cpp.obj
LOAD CMakeFiles/Oscilloscope-adc.dir/root/.pico-sdk/sdk/2.0.0/src/rp2_common/pico_stdlib/stdlib.c.obj
LOAD CMakeFiles/Oscilloscope-adc.dir/root/.pico-sdk/sdk/2.0.0/src/rp2_common/hardware_gpio/gpio.c.obj
LOAD CMakeFiles/Oscilloscope-adc.dir/root/.pico-sdk/sdk/2.0.0/src/rp2040/pico_platform/platform.c.obj
LOAD CMakeFiles/Oscilloscope-adc.dir/root/.pico-sdk/sdk/2.0.0/src/rp2_common/pico_platform_panic/panic.c.obj
LOAD CMakeFiles/Oscilloscope-adc.dir/root/.pico-sdk/sdk/2.0.0/src/common/hardware_claim/claim.c.obj
LOAD CMakeFiles/Oscilloscope-adc.dir/root/.pico-sdk/sdk/2.0.0/src/rp2_common/hardware_sync/sync.c.obj
LOAD CMakeFiles/Oscilloscope-adc.dir/root/.pico-sdk/sdk/2.0.0/src/rp2_common/hardware_sync_spin_lock/sync_spin_lock.c.obj
LOAD CMakeFiles/Oscilloscope-adc.dir/root/.pico-sdk/sdk/2.0.0/src/rp2_common/hardware_irq/irq.c.obj
LOAD CMakeFiles/Oscilloscope-adc.dir/root/.pico-sdk/sdk/2.0.0/src/rp2_common/hardware_irq/irq_handler_chain.S.obj
LOAD CMakeFiles/Oscilloscope-adc.dir/root/.pico-sdk/sdk/2.0.0/src/common/pico_sync/sem.c.obj
LOAD CMakeFiles/Oscilloscope-adc.dir/root/.pico-sdk/sdk/2.0.0/src/common/pico_sync/lock_core.c.obj
LOAD CMakeFiles/Oscilloscope-adc.dir/root/.pico-sdk/sdk/2.0.0/src/common/pico_sync/mutex.c.obj
LOAD CMakeFiles/Oscilloscope-adc.dir/root/.pico-sdk/sdk/2.0.0/src/common/pico_sync/critical_section.c.obj
LOAD CMakeFiles/Oscilloscope-adc.dir/root/.pico-sdk/sdk/2.0.0/src/common/pico_time/time.c.obj
LOAD CMakeFiles/Oscilloscope-adc.dir/root/.pico-sdk/sdk/2.0.0/src/common/pico_time/timeout_helper.c.obj
LOAD CMakeFiles/Oscilloscope-adc.dir/root/.pico-sdk/sdk/2.0.0/src/rp2_common/hardware_timer/timer.c.obj
LOAD CMakeFiles/Oscilloscope-adc.dir/root/.pico-sdk/sdk/2.0.0/src/common/pico_util/datetime.c.obj
LOAD CMakeFiles/Oscilloscope-adc.dir/root/.pico-sdk/sdk/2.0.0/src/common/pico_util/pheap.c.obj
LOAD CMakeFiles/Oscilloscope-adc.dir/root/.pico-sdk/sdk/2.0.0/src/common/pico_util/queue.c.obj
LOAD CMakeFiles/Oscilloscope-adc.dir/root/.pico-sdk/sdk/2.0.0/src/rp2_common/hardware_uart/uart.c.obj
LOAD CMakeFiles/Oscilloscope-adc.dir/root/.pico-sdk/sdk/2.0.0/src/rp2_common/hardware_clocks/clocks.c.obj
LOAD CMakeFiles/Oscilloscope-adc.dir/root/.pico-sdk/sdk/2.0.0/src/rp2_common/hardware_pll/pll.c.obj
LOAD CMakeFiles/Oscilloscope-adc.dir/root/.pico-sdk/sdk/2.0.0/src/rp2_common/hardware_vreg/vreg.c.obj
LOAD CMakeFiles/Oscilloscope-adc.dir/root/.pico-sdk/sdk/2.0.0/src/rp2_common/hardware_watchdog/watchdog.c.obj
LOAD CMakeFiles/Oscilloscope-adc.dir/root/.pico-sdk/sdk/2.0.0/src/rp2_common/hardware_ticks/ticks.c.obj
LOAD CMakeFiles/Oscilloscope-adc.dir/root/.pico-sdk/sdk/2.0.0/src/rp2_common/hardware_xosc/xosc.c.obj
LOAD CMakeFiles/Oscilloscope-adc.dir/root/.pico-sdk/sdk/2.0.0/src/rp2_common/hardware_divider/divider.S.obj
LOAD CMakeFiles/Oscilloscope-adc.dir/root/.pico-sdk/sdk/2.0.0/src/rp2_common/pico_runtime/runtime.c.obj
LOAD CMakeFiles/Oscilloscope-adc.dir/root/.pico-sdk/sdk/2.0.0/src/rp2_common/pico_runtime_init/runtime_init.c.obj
LOAD CMakeFiles/Oscilloscope-adc.dir/root/.pico-sdk/sdk/2.0.0/src/rp2_common/pico_runtime_init/runtime_init_clocks.c.obj
LOAD CMakeFiles/Oscilloscope-adc.dir/root/.pico-sdk/sdk/2.0.0/src/rp2_common/pico_runtime_init/runtime_init_stack_guard.c.obj
LOAD CMakeFiles/Oscilloscope-adc.dir/root/.pico-sdk/sdk/2.0.0/src/rp2_common/pico_bit_ops/bit_ops_aeabi.S.obj
LOAD CMakeFiles/Oscilloscope-adc.dir/root/.pico-sdk/sdk/2.0.0/src/rp2_common/pico_bootrom/bootrom.c.obj
LOAD CMakeFiles/Oscilloscope-adc.dir/root/.pico-sdk/sdk/2.0.0/src/rp2_common/pico_bootrom/bootrom_lock.c.obj
LOAD CMakeFiles/Oscilloscope-adc.dir/root/.pico-sdk/sdk/2.0.0/src/rp2_common/hardware_boot_lock/boot_lock.c.obj
LOAD CMakeFiles/Oscilloscope-adc.dir/root/.pico-sdk/sdk/2.0.0/src/rp2_common/pico_divider/divider_hardware.S.obj
LOAD CMakeFiles/Oscilloscope-adc.dir/root/.pico-sdk/sdk/2.0.0/src/rp2_common/pico_double/double_aeabi_rp2040.S.obj
LOAD CMakeFiles/Oscilloscope-adc.dir/root/.pico-sdk/sdk/2.0.0/src/rp2_common/pico_double/double_init_rom_rp2040.c.obj
LOAD CMakeFiles/Oscilloscope-adc.dir/root/.pico-sdk/sdk/2.0.0/src/rp2_common/pico_double/double_math.c.obj
LOAD CMakeFiles/Oscilloscope-adc.dir/root/.pico-sdk/sdk/2.0.0/src/rp2_common/pico_double/double_v1_rom_shim_rp2040.S.obj
LOAD CMakeFiles/Oscilloscope-adc.dir/root/.pico-sdk/sdk/2.0.0/src/rp2_common/pico_int64_ops/pico_int64_ops_aeabi.S.obj
LOAD CMakeFiles/Oscilloscope-adc.dir/root/.pico-sdk/sdk/2.0.0/src/rp2_common/pico_float/float_aeabi_rp2040.S.obj
LOAD CMakeFiles/Oscilloscope-adc.dir/root/.pico-sdk/sdk/2.0.0/src/rp2_common/pico_float/float_init_rom_rp2040.c.obj
LOAD CMakeFiles/Oscilloscope-adc.dir/root/.pico-sdk/sdk/2.0.0/src/rp2_common/pico_float/float_math.c.obj
LOAD CMakeFiles/Oscilloscope-adc.dir/root/.pico-sdk/sdk/2.0.0/src/rp2_common/pico_float/float_v1_rom_shim_rp2040.S.obj
LOAD CMakeFiles/Oscilloscope-adc.dir/root/.pico-sdk/sdk/2.0.0/src/rp2_common/pico_malloc/malloc.c.obj
LOAD CMakeFiles/Oscilloscope-adc.dir/root/.pico-sdk/sdk/2.0.0/src/rp2_common/pico_mem_ops/mem_ops_aeabi.S.obj
LOAD CMakeFiles/Oscilloscope-adc.dir/root/.pico-sdk/sdk/2.0.0/src/rp2_common/pico_atomic/atomic.c.obj
LOAD CMakeFiles/Oscilloscope-adc.dir/root/.pico-sdk/sdk/2.0.0/src/rp2_common/pico_cxx_options/new_delete.cpp.obj
LOAD CMakeFiles/Oscilloscope-adc.dir/root/.pico-sdk/sdk/2.0.0/src/rp2_common/pico_standard_binary_info/standard_binary_info.c.obj
LOAD CMakeFiles/Oscilloscope-adc.dir/root/.pico-sdk/sdk/2.0.0/src/rp2_common/pico_printf/printf.c.obj
LOAD CMakeFiles/Oscilloscope-adc.dir/root/.pico-sdk/sdk/2.0.0/src/rp2_common/pico_crt0/crt0.S.obj
LOAD CMakeFiles/Oscilloscope-adc.dir/root/.pico-sdk/sdk/2.0.0/src/rp2_common/pico_clib_interface/newlib_interface.c.obj
LOAD CMakeFiles/Oscilloscope-adc.dir/root/.pico-sdk/sdk/2.0.0/src/rp2_common/pico_stdio/stdio.c.obj
LOAD CMakeFiles/Oscilloscope-adc.dir/root/.pico-sdk/sdk/2.0.0/src/rp2_common/pico_stdio_usb/reset_interface.c.obj
LOAD CMakeFiles/Oscilloscope-adc.dir/root/.pico-sdk/sdk/2.0.0/src/rp2_common/pico_stdio_usb/stdio_usb.c.obj
LOAD CMakeFiles/Oscilloscope-adc.dir/root/.pico-sdk/sdk/2.0.0/src/rp2_common/pico_stdio_usb/stdio_usb_descriptors.c.obj
LOAD CMakeFiles/Oscilloscope-adc.dir/root/.pico-sdk/sdk/2.0.0/src/rp2_common/pico_unique_id/unique_id.c.obj
LOAD CMakeFiles/Oscilloscope-adc.dir/root/.pico-sdk/sdk/2.0.0/src/rp2_common/hardware_flash/flash.c.obj
LOAD CMakeFiles/Oscilloscope-adc.dir/root/.pico-sdk/sdk/2.0.0/lib/tinyusb/src/portable/raspberrypi/rp2040/dcd_rp2040.c.obj
LOAD CMakeFiles/Oscilloscope-adc.dir/root/.pico-sdk/sdk/2.0.0/lib/tinyusb/src/portable/raspberrypi/rp2040/rp2040_usb.c.obj
LOAD CMakeFiles/Oscilloscope-adc.dir/root/.pico-sdk/sdk/2.0.0/lib/tinyusb/src/device/usbd.c.obj
LOAD CMakeFiles/Oscilloscope-adc.dir/root/.pico-sdk/sdk/2.0.0/lib/tinyusb/src/device/usbd_control.c.obj
LOAD CMakeFiles/Oscilloscope-adc.dir/root/.pico-sdk/sdk/2.0.0/lib/tinyusb/src/class/audio/audio_device.c.obj